The system is: Windows - 10.0.26100 - AMD64
Compiling the C compiler identification source file "CMakeCCompilerId.c" succeeded.
Compiler: C:/Program Files (x86)/Microsoft Visual Studio/2022/BuildTools/VC/Tools/MSVC/14.43.34808/bin/Hostx86/x86/cl.exe 
Build flags: 
Id flags:  

The output was:
0
Microsoft (R) C/C++ Optimizing Compiler Version 19.43.34809 for x86
Copyright (C) Microsoft Corporation.  All rights reserved.

CMakeCCompilerId.c
Microsoft (R) Incremental Linker Version 14.43.34809.0
Copyright (C) Microsoft Corporation.  All rights reserved.

/out:CMakeCCompilerId.exe 
CMakeCCompilerId.obj 


Compilation of the C compiler identification source "CMakeCCompilerId.c" produced "CMakeCCompilerId.exe"

Compilation of the C compiler identification source "CMakeCCompilerId.c" produced "CMakeCCompilerId.obj"

The C compiler identification is MSVC, found in "C:/SDK/HL2IOBoard-main/n2adr_basic/build/_deps/picotool-build/CMakeFiles/3.20.5/CompilerIdC/CMakeCCompilerId.exe"

Compiling the CXX compiler identification source file "CMakeCXXCompilerId.cpp" succeeded.
Compiler: C:/Program Files (x86)/Microsoft Visual Studio/2022/BuildTools/VC/Tools/MSVC/14.43.34808/bin/Hostx86/x86/cl.exe 
Build flags: 
Id flags:  

The output was:
0
Microsoft (R) C/C++ Optimizing Compiler Version 19.43.34809 for x86
Copyright (C) Microsoft Corporation.  All rights reserved.

CMakeCXXCompilerId.cpp
Microsoft (R) Incremental Linker Version 14.43.34809.0
Copyright (C) Microsoft Corporation.  All rights reserved.

/out:CMakeCXXCompilerId.exe 
CMakeCXXCompilerId.obj 


Compilation of the CXX compiler identification source "CMakeCXXCompilerId.cpp" produced "CMakeCXXCompilerId.exe"

Compilation of the CXX compiler identification source "CMakeCXXCompilerId.cpp" produced "CMakeCXXCompilerId.obj"

The CXX compiler identification is MSVC, found in "C:/SDK/HL2IOBoard-main/n2adr_basic/build/_deps/picotool-build/CMakeFiles/3.20.5/CompilerIdCXX/CMakeCXXCompilerId.exe"

Detecting C compiler ABI info compiled with the following output:
Change Dir: C:/SDK/HL2IOBoard-main/n2adr_basic/build/_deps/picotool-build/CMakeFiles/CMakeTmp

Run Build Command(s):nmake -f Makefile /nologo cmTC_881bb\fast && 	"C:\Program Files (x86)\Microsoft Visual Studio\2022\BuildTools\VC\Tools\MSVC\14.43.34808\bin\HostX86\x86\nmake.exe"  -f CMakeFiles\cmTC_881bb.dir\build.make /nologo -L                  CMakeFiles\cmTC_881bb.dir\build
Building C object CMakeFiles/cmTC_881bb.dir/CMakeCCompilerABI.c.obj
	C:\CMake\bin\cmake.exe -E cmake_cl_compile_depends --dep-file=CMakeFiles\cmTC_881bb.dir\CMakeCCompilerABI.c.obj.d --working-dir=C:\SDK\HL2IOBoard-main\n2adr_basic\build\_deps\picotool-build\CMakeFiles\CMakeTmp --filter-prefix="Note: including file: " -- C:\PROGRA~2\MICROS~2\2022\BUILDT~1\VC\Tools\MSVC\1443~1.348\bin\Hostx86\x86\cl.exe @C:\Users\sa\AppData\Local\Temp\nm13D7.tmp
CMakeCCompilerABI.c
Linking C executable cmTC_881bb.exe
	C:\CMake\bin\cmake.exe -E vs_link_exe --intdir=CMakeFiles\cmTC_881bb.dir --rc=C:\PROGRA~2\WI3CF2~1\10\bin\100226~1.0\x86\rc.exe --mt=C:\PROGRA~2\WI3CF2~1\10\bin\100226~1.0\x86\mt.exe --manifests -- C:\PROGRA~2\MICROS~2\2022\BUILDT~1\VC\Tools\MSVC\1443~1.348\bin\Hostx86\x86\link.exe /nologo @CMakeFiles\cmTC_881bb.dir\objects1.rsp @C:\Users\sa\AppData\Local\Temp\nm250F.tmp



Detecting CXX compiler ABI info compiled with the following output:
Change Dir: C:/SDK/HL2IOBoard-main/n2adr_basic/build/_deps/picotool-build/CMakeFiles/CMakeTmp

Run Build Command(s):nmake -f Makefile /nologo cmTC_a006b\fast && 	"C:\Program Files (x86)\Microsoft Visual Studio\2022\BuildTools\VC\Tools\MSVC\14.43.34808\bin\HostX86\x86\nmake.exe"  -f CMakeFiles\cmTC_a006b.dir\build.make /nologo -L                  CMakeFiles\cmTC_a006b.dir\build
Building CXX object CMakeFiles/cmTC_a006b.dir/CMakeCXXCompilerABI.cpp.obj
	C:\CMake\bin\cmake.exe -E cmake_cl_compile_depends --dep-file=CMakeFiles\cmTC_a006b.dir\CMakeCXXCompilerABI.cpp.obj.d --working-dir=C:\SDK\HL2IOBoard-main\n2adr_basic\build\_deps\picotool-build\CMakeFiles\CMakeTmp --filter-prefix="Note: including file: " -- C:\PROGRA~2\MICROS~2\2022\BUILDT~1\VC\Tools\MSVC\1443~1.348\bin\Hostx86\x86\cl.exe @C:\Users\sa\AppData\Local\Temp\nm4613.tmp
CMakeCXXCompilerABI.cpp
Linking CXX executable cmTC_a006b.exe
	C:\CMake\bin\cmake.exe -E vs_link_exe --intdir=CMakeFiles\cmTC_a006b.dir --rc=C:\PROGRA~2\WI3CF2~1\10\bin\100226~1.0\x86\rc.exe --mt=C:\PROGRA~2\WI3CF2~1\10\bin\100226~1.0\x86\mt.exe --manifests -- C:\PROGRA~2\MICROS~2\2022\BUILDT~1\VC\Tools\MSVC\1443~1.348\bin\Hostx86\x86\link.exe /nologo @CMakeFiles\cmTC_a006b.dir\objects1.rsp @C:\Users\sa\AppData\Local\Temp\nm4662.tmp



