Archive member included to satisfy reference by file (symbol)

..\..\n2adr_lib\build\libhl2ioboard.a(configure_pins.c.obj)
                              CMakeFiles/main.dir/main.c.obj (configure_pins)
..\..\n2adr_lib\build\libhl2ioboard.a(led_flasher.c.obj)
                              CMakeFiles/main.dir/main.c.obj (configure_led_flasher)
..\..\n2adr_lib\build\libhl2ioboard.a(i2c_slave_handler.c.obj)
                              ..\..\n2adr_lib\build\libhl2ioboard.a(configure_pins.c.obj) (i2c_slave_handler)
..\..\n2adr_lib\build\libhl2ioboard.a(frequency_code.c.obj)
                              ..\..\n2adr_lib\build\libhl2ioboard.a(i2c_slave_handler.c.obj) (hertz2fcode)
..\..\n2adr_lib\build\libhl2ioboard.a(fcode2bcode.c.obj)
                              CMakeFiles/main.dir/main.c.obj (fcode2band)
C:/arm/arm-none-eabi/14.2rel1/bin/../lib/gcc/arm-none-eabi/14.2.1/thumb/v6-m/nofp\libgcc.a(_dvmd_tls.o)
                              CMakeFiles/main.dir/C_/SDK/pico-sdk/src/rp2_common/pico_divider/divider_hardware.S.obj (__aeabi_idiv0)
C:/arm/arm-none-eabi/14.2rel1/bin/../lib/gcc/arm-none-eabi/14.2.1/thumb/v6-m/nofp\libg.a(libc_a-calloc.o)
                              CMakeFiles/main.dir/C_/SDK/pico-sdk/src/rp2_common/pico_malloc/malloc.c.obj (calloc)
C:/arm/arm-none-eabi/14.2rel1/bin/../lib/gcc/arm-none-eabi/14.2.1/thumb/v6-m/nofp\libg.a(libc_a-callocr.o)
                              C:/arm/arm-none-eabi/14.2rel1/bin/../lib/gcc/arm-none-eabi/14.2.1/thumb/v6-m/nofp\libg.a(libc_a-calloc.o) (_calloc_r)
C:/arm/arm-none-eabi/14.2rel1/bin/../lib/gcc/arm-none-eabi/14.2.1/thumb/v6-m/nofp\libg.a(libc_a-malloc.o)
                              CMakeFiles/main.dir/C_/SDK/pico-sdk/src/rp2_common/pico_malloc/malloc.c.obj (malloc)
C:/arm/arm-none-eabi/14.2rel1/bin/../lib/gcc/arm-none-eabi/14.2.1/thumb/v6-m/nofp\libg.a(libc_a-mallocr.o)
                              C:/arm/arm-none-eabi/14.2rel1/bin/../lib/gcc/arm-none-eabi/14.2.1/thumb/v6-m/nofp\libg.a(libc_a-callocr.o) (_malloc_r)
C:/arm/arm-none-eabi/14.2rel1/bin/../lib/gcc/arm-none-eabi/14.2.1/thumb/v6-m/nofp\libg.a(libc_a-mlock.o)
                              C:/arm/arm-none-eabi/14.2rel1/bin/../lib/gcc/arm-none-eabi/14.2.1/thumb/v6-m/nofp\libg.a(libc_a-mallocr.o) (__malloc_lock)
C:/arm/arm-none-eabi/14.2rel1/bin/../lib/gcc/arm-none-eabi/14.2.1/thumb/v6-m/nofp\libg.a(libc_a-realloc.o)
                              CMakeFiles/main.dir/C_/SDK/pico-sdk/src/rp2_common/pico_malloc/malloc.c.obj (realloc)
C:/arm/arm-none-eabi/14.2rel1/bin/../lib/gcc/arm-none-eabi/14.2.1/thumb/v6-m/nofp\libg.a(libc_a-reallocr.o)
                              C:/arm/arm-none-eabi/14.2rel1/bin/../lib/gcc/arm-none-eabi/14.2.1/thumb/v6-m/nofp\libg.a(libc_a-realloc.o) (_realloc_r)
C:/arm/arm-none-eabi/14.2rel1/bin/../lib/gcc/arm-none-eabi/14.2.1/thumb/v6-m/nofp\libg.a(libc_a-memcmp.o)
                              CMakeFiles/main.dir/C_/SDK/pico-sdk/src/rp2_common/pico_atomic/atomic.c.obj (memcmp)
C:/arm/arm-none-eabi/14.2rel1/bin/../lib/gcc/arm-none-eabi/14.2.1/thumb/v6-m/nofp\libg.a(libc_a-memmove.o)
                              C:/arm/arm-none-eabi/14.2rel1/bin/../lib/gcc/arm-none-eabi/14.2.1/thumb/v6-m/nofp\libg.a(libc_a-reallocr.o) (memmove)
C:/arm/arm-none-eabi/14.2rel1/bin/../lib/gcc/arm-none-eabi/14.2.1/thumb/v6-m/nofp\libg.a(libc_a-lcltime_r.o)
                              CMakeFiles/main.dir/C_/SDK/pico-sdk/src/common/pico_util/datetime.c.obj (localtime_r)
C:/arm/arm-none-eabi/14.2rel1/bin/../lib/gcc/arm-none-eabi/14.2.1/thumb/v6-m/nofp\libg.a(libc_a-mktime.o)
                              CMakeFiles/main.dir/C_/SDK/pico-sdk/src/common/pico_util/datetime.c.obj (mktime)
C:/arm/arm-none-eabi/14.2rel1/bin/../lib/gcc/arm-none-eabi/14.2.1/thumb/v6-m/nofp\libg.a(libc_a-month_lengths.o)
                              C:/arm/arm-none-eabi/14.2rel1/bin/../lib/gcc/arm-none-eabi/14.2.1/thumb/v6-m/nofp\libg.a(libc_a-lcltime_r.o) (__month_lengths)
C:/arm/arm-none-eabi/14.2rel1/bin/../lib/gcc/arm-none-eabi/14.2.1/thumb/v6-m/nofp\libg.a(libc_a-tzcalc_limits.o)
                              C:/arm/arm-none-eabi/14.2rel1/bin/../lib/gcc/arm-none-eabi/14.2.1/thumb/v6-m/nofp\libg.a(libc_a-lcltime_r.o) (__tzcalc_limits)
C:/arm/arm-none-eabi/14.2rel1/bin/../lib/gcc/arm-none-eabi/14.2.1/thumb/v6-m/nofp\libg.a(libc_a-tzlock.o)
                              C:/arm/arm-none-eabi/14.2rel1/bin/../lib/gcc/arm-none-eabi/14.2.1/thumb/v6-m/nofp\libg.a(libc_a-lcltime_r.o) (__tz_lock)
C:/arm/arm-none-eabi/14.2rel1/bin/../lib/gcc/arm-none-eabi/14.2.1/thumb/v6-m/nofp\libg.a(libc_a-tzset.o)
                              C:/arm/arm-none-eabi/14.2rel1/bin/../lib/gcc/arm-none-eabi/14.2.1/thumb/v6-m/nofp\libg.a(libc_a-lcltime_r.o) (_tzset_unlocked)
C:/arm/arm-none-eabi/14.2rel1/bin/../lib/gcc/arm-none-eabi/14.2.1/thumb/v6-m/nofp\libg.a(libc_a-tzset_r.o)
                              C:/arm/arm-none-eabi/14.2rel1/bin/../lib/gcc/arm-none-eabi/14.2.1/thumb/v6-m/nofp\libg.a(libc_a-tzset.o) (_tzset_unlocked_r)
[...]
Memory Configuration

Name             Origin             Length             Attributes
FLASH            0x10000000         0x00200000         xr
RAM              0x20000000         0x00040000         xrw
SCRATCH_X        0x20040000         0x00001000         xrw
SCRATCH_Y        0x20041000         0x00001000         xrw
*default*        0x00000000         0xffffffff

Linker script and memory map

LOAD C:/arm/arm-none-eabi/14.2rel1/bin/../lib/gcc/arm-none-eabi/14.2.1/thumb/v6-m/nofp/crti.o
LOAD C:/arm/arm-none-eabi/14.2rel1/bin/../lib/gcc/arm-none-eabi/14.2.1/thumb/v6-m/nofp/crtbegin.o
LOAD C:/arm/arm-none-eabi/14.2rel1/bin/../lib/gcc/arm-none-eabi/14.2.1/thumb/v6-m/nofp/crt0.o

.flash_begin    0x10000000        0x0
                0x10000000                        __flash_binary_start = .

.boot2          0x10000000      0x100
                0x10000000                        __boot2_start__ = .
 *(.boot2)
 .boot2         0x10000000      0x100 pico-sdk\src\rp2040\boot_stage2\CMakeFiles\bs2_default_library.dir\bs2_default_padded_checksummed.S.obj
                0x10000100                        __boot2_end__ = .
                0x00000001                        ASSERT (((__boot2_end__ - __boot2_start__) == 0x100), ERROR: Pico second stage bootloader must be 256 bytes in size)

.text           0x10000100     0x8804
                0x10000100                        __logical_binary_start = .
 *(.vectors)
 .vectors       0x10000100       0xd4 CMakeFiles/main.dir/C_/SDK/pico-sdk/src/rp2_common/pico_crt0/crt0.S.obj
                0x10000100                __VECTOR_TABLE
                0x10000100                __vectors
                0x100001c0                isr_invalid
                0x100001c0                __default_isrs_start
                0x100001c2                isr_nmi
                0x100001c4                isr_hardfault
                0x100001c6                isr_svcall
                0x100001c8                isr_pendsv
                0x100001ca                isr_systick
                0x100001cc                isr_irq23
                0x100001cc                isr_irq18
                0x100001cc                isr_irq11
                0x100001cc                isr_irq28
                0x100001cc                isr_irq19
                0x100001cc                isr_irq0
                0x100001cc                isr_irq6
                0x100001cc                isr_irq5
                0x100001cc                isr_irq12
                0x100001cc                isr_irq22
                0x100001cc                isr_irq31
                0x100001cc                isr_irq17
                0x100001cc                isr_irq27
                0x100001cc                isr_irq30
                0x100001cc                isr_irq2
                0x100001cc                isr_irq10
                0x100001cc                isr_irq8
                0x100001cc                isr_irq24
                0x100001cc                isr_irq1
                0x100001cc                isr_irq7
                0x100001cc                isr_irq21
                0x100001cc                isr_irq20
                0x100001cc                isr_irq15
                0x100001cc                isr_irq25
                0x100001cc                isr_irq13
                0x100001cc                __unhandled_user_irq
                0x100001cc                isr_irq4
                0x100001cc                isr_irq16
                0x100001cc                isr_irq29
                0x100001cc                isr_irq26
                0x100001cc                __default_isrs_end
                0x100001cc                isr_irq3
                0x100001cc                isr_irq14
                0x100001cc                isr_irq9
                0x100001d2                unhandled_user_irq_num_in_r0
 *(.binary_info_header)
 .binary_info_header
                0x100001d4       0x14 CMakeFiles/main.dir/C_/SDK/pico-sdk/src/rp2_common/pico_crt0/crt0.S.obj
                0x100001e8                        __binary_info_header_end = .
 *(.embedded_block)
                0x100001e8                        __embedded_block_end = .
 *(.reset)
 .reset         0x100001e8       0x9c CMakeFiles/main.dir/C_/SDK/pico-sdk/src/rp2_common/pico_crt0/crt0.S.obj
                0x100001e8                _entry_point
 *(.init)
 .init          0x10000284        0x4 C:/arm/arm-none-eabi/14.2rel1/bin/../lib/gcc/arm-none-eabi/14.2.1/thumb/v6-m/nofp/crti.o
                0x10000284                _init
 *(EXCLUDE_FILE(*libm.a: *libc.a:*lib_a-mem*.o *libgcc.a:) .text*)
 .text.register_tm_clones
                0x10000288       0x28 C:/arm/arm-none-eabi/14.2rel1/bin/../lib/gcc/arm-none-eabi/14.2.1/thumb/v6-m/nofp/crtbegin.o
 .text.frame_dummy
                0x100002b0       0x24 C:/arm/arm-none-eabi/14.2rel1/bin/../lib/gcc/arm-none-eabi/14.2.1/thumb/v6-m/nofp/crtbegin.o
 .text.startup.main
                0x100002d4      0x168 CMakeFiles/main.dir/main.c.obj
                0x100002d4                main
 .text.gpio_default_irq_handler
                0x1000043c      0x2c8 CMakeFiles/main.dir/C_/SDK/pico-sdk/src/rp2_common/hardware_gpio/gpio.c.obj
 .text.gpio_set_function
                0x10000704       0x34 CMakeFiles/main.dir/C_/SDK/pico-sdk/src/rp2_common/hardware_gpio/gpio.c.obj
                0x10000704                gpio_set_function
 .text.gpio_get_function
                0x10000738       0x14 CMakeFiles/main.dir/C_/SDK/pico-sdk/src/rp2_common/hardware_gpio/gpio.c.obj
                0x10000738                gpio_get_function
 .text.gpio_set_pulls
                0x1000074c       0x28 CMakeFiles/main.dir/C_/SDK/pico-sdk/src/rp2_common/hardware_gpio/gpio.c.obj
                0x1000074c                gpio_set_pulls
 .text.gpio_set_irq_enabled_with_callback
                0x10000774       0xd0 CMakeFiles/main.dir/C_/SDK/pico-sdk/src/rp2_common/hardware_gpio/gpio.c.obj
                0x10000774                gpio_set_irq_enabled_with_callback
 .text.gpio_set_input_enabled
                0x10000844       0x28 CMakeFiles/main.dir/C_/SDK/pico-sdk/src/rp2_common/hardware_gpio/gpio.c.obj
                0x10000844                gpio_set_input_enabled
 .text.gpio_init
                0x1000086c       0x40 CMakeFiles/main.dir/C_/SDK/pico-sdk/src/rp2_common/hardware_gpio/gpio.c.obj
                0x1000086c                gpio_init
 .text.rp2040_chip_version
                0x100008ac        0xc CMakeFiles/main.dir/C_/SDK/pico-sdk/src/rp2040/pico_platform/platform.c.obj
                0x100008ac                rp2040_chip_version
 .text.panic    0x100008b8       0x30 CMakeFiles/main.dir/C_/SDK/pico-sdk/src/rp2_common/pico_platform_panic/panic.c.obj
                0x100008b8                panic
 .text.hw_claim_or_assert
                0x100008e8       0x44 CMakeFiles/main.dir/C_/SDK/pico-sdk/src/common/hardware_claim/claim.c.obj
                0x100008e8                hw_claim_or_assert
 .text.hw_claim_unused_from_range
                0x1000092c       0x88 CMakeFiles/main.dir/C_/SDK/pico-sdk/src/common/hardware_claim/claim.c.obj
                0x1000092c                hw_claim_unused_from_range
 .text.next_striped_spin_lock_num
                0x100009b4       0x18 CMakeFiles/main.dir/C_/SDK/pico-sdk/src/rp2_common/hardware_sync/sync.c.obj
                0x100009b4                next_striped_spin_lock_num
 .text.spin_lock_claim_unused
                0x100009cc       0x24 CMakeFiles/main.dir/C_/SDK/pico-sdk/src/rp2_common/hardware_sync/sync.c.obj
                0x100009cc                spin_lock_claim_unused
 .text.spin_locks_reset
                0x100009f0       0x1c CMakeFiles/main.dir/C_/SDK/pico-sdk/src/rp2_common/hardware_sync_spin_lock/sync_spin_lock.c.obj
                0x100009f0                spin_locks_reset
 .text.runtime_init_per_core_irq_priorities
                0x10000a0c       0x24 CMakeFiles/main.dir/C_/SDK/pico-sdk/src/rp2_common/hardware_irq/irq.c.obj
                0x10000a0c                runtime_init_per_core_irq_priorities
 .text.irq_set_enabled
                0x10000a30       0x24 CMakeFiles/main.dir/C_/SDK/pico-sdk/src/rp2_common/hardware_irq/irq.c.obj
                0x10000a30                irq_set_enabled
 .text.irq_is_enabled
                0x10000a54       0x18 CMakeFiles/main.dir/C_/SDK/pico-sdk/src/rp2_common/hardware_irq/irq.c.obj
                0x10000a54                irq_is_enabled
 .text.irq_set_pending
                0x10000a6c       0x10 CMakeFiles/main.dir/C_/SDK/pico-sdk/src/rp2_common/hardware_irq/irq.c.obj
                0x10000a6c                irq_set_pending
 .text.irq_has_shared_handler
                0x10000a7c       0x24 CMakeFiles/main.dir/C_/SDK/pico-sdk/src/rp2_common/hardware_irq/irq.c.obj
                0x10000a7c                irq_has_shared_handler
 .text.irq_set_exclusive_handler
                0x10000aa0       0x54 CMakeFiles/main.dir/C_/SDK/pico-sdk/src/rp2_common/hardware_irq/irq.c.obj
                0x10000aa0                irq_set_exclusive_handler
 .text.irq_add_shared_handler
                0x10000af4      0x1f4 CMakeFiles/main.dir/C_/SDK/pico-sdk/src/rp2_common/hardware_irq/irq.c.obj
                0x10000af4                irq_add_shared_handler
 .text.irq_remove_handler
                0x10000ce8      0x1d4 CMakeFiles/main.dir/C_/SDK/pico-sdk/src/rp2_common/hardware_irq/irq.c.obj
                0x10000ce8                irq_remove_handler
 .text.irq_add_tail_to_free_list
                0x10000ebc       0xb4 CMakeFiles/main.dir/C_/SDK/pico-sdk/src/rp2_common/hardware_irq/irq.c.obj
                0x10000ebc                irq_add_tail_to_free_list
 .text.user_irq_claim_unused
                0x10000f70       0x2c CMakeFiles/main.dir/C_/SDK/pico-sdk/src/rp2_common/hardware_irq/irq.c.obj
                0x10000f70                user_irq_claim_unused
 .text.lock_init
                0x10000f9c       0x10 CMakeFiles/main.dir/C_/SDK/pico-sdk/src/common/pico_sync/lock_core.c.obj
                0x10000f9c                lock_init
 .text.runtime_init_mutex
                0x10000fac       0x50 CMakeFiles/main.dir/C_/SDK/pico-sdk/src/common/pico_sync/mutex.c.obj
                0x10000fac                runtime_init_mutex
 .text.mutex_init
                0x10000ffc       0x1c CMakeFiles/main.dir/C_/SDK/pico-sdk/src/common/pico_sync/mutex.c.obj
                0x10000ffc                mutex_init
 .text.critical_section_init
                0x10001018       0x1c CMakeFiles/main.dir/C_/SDK/pico-sdk/src/common/pico_sync/critical_section.c.obj
                0x10001018                critical_section_init
 .text.critical_section_init_with_lock_num
                0x10001034       0x14 CMakeFiles/main.dir/C_/SDK/pico-sdk/src/common/pico_sync/critical_section.c.obj
                0x10001034                critical_section_init_with_lock_num
 .text.sleep_until_callback
                0x10001048       0x30 CMakeFiles/main.dir/C_/SDK/pico-sdk/src/common/pico_time/time.c.obj
 .text.alarm_pool_irq_handler
                0x10001078      0x300 CMakeFiles/main.dir/C_/SDK/pico-sdk/src/common/pico_time/time.c.obj
 .text.runtime_init_default_alarm_pool
                0x10001378       0xdc CMakeFiles/main.dir/C_/SDK/pico-sdk/src/common/pico_time/time.c.obj
                0x10001378                runtime_init_default_alarm_pool
 .text.alarm_pool_get_default
                0x10001454        0x8 CMakeFiles/main.dir/C_/SDK/pico-sdk/src/common/pico_time/time.c.obj
                0x10001454                alarm_pool_get_default
 .text.alarm_pool_add_alarm_at
                0x1000145c       0xd0 CMakeFiles/main.dir/C_/SDK/pico-sdk/src/common/pico_time/time.c.obj
                0x1000145c                alarm_pool_add_alarm_at
 .text.alarm_pool_add_alarm_at_force_in_context
                0x1000152c       0xb0 CMakeFiles/main.dir/C_/SDK/pico-sdk/src/common/pico_time/time.c.obj
                0x1000152c                alarm_pool_add_alarm_at_force_in_context
 .text.alarm_pool_cancel_alarm
                0x100015dc       0x74 CMakeFiles/main.dir/C_/SDK/pico-sdk/src/common/pico_time/time.c.obj
                0x100015dc                alarm_pool_cancel_alarm
 .text.alarm_pool_core_num
                0x10001650        0x4 CMakeFiles/main.dir/C_/SDK/pico-sdk/src/common/pico_time/time.c.obj
                0x10001650                alarm_pool_core_num
 .text.sleep_ms
                0x10001654       0xfc CMakeFiles/main.dir/C_/SDK/pico-sdk/src/common/pico_time/time.c.obj
                0x10001654                sleep_ms
 .text.best_effort_wfe_or_timeout
                0x10001750      0x10c CMakeFiles/main.dir/C_/SDK/pico-sdk/src/common/pico_time/time.c.obj
                0x10001750                best_effort_wfe_or_timeout
 .text.alarm_pool_add_repeating_timer_us
                0x1000185c      0x124 CMakeFiles/main.dir/C_/SDK/pico-sdk/src/common/pico_time/time.c.obj
                0x1000185c                alarm_pool_add_repeating_timer_us
 .text.timer_hardware_alarm_claim
                0x10001980       0x14 CMakeFiles/main.dir/C_/SDK/pico-sdk/src/rp2_common/hardware_timer/timer.c.obj
                0x10001980                timer_hardware_alarm_claim
 .text.timer_time_us_64
                0x10001994       0x10 CMakeFiles/main.dir/C_/SDK/pico-sdk/src/rp2_common/hardware_timer/timer.c.obj
                0x10001994                timer_time_us_64
 .text.time_us_64
                0x100019a4       0x14 CMakeFiles/main.dir/C_/SDK/pico-sdk/src/rp2_common/hardware_timer/timer.c.obj
                0x100019a4                time_us_64
 .text.busy_wait_us
                0x100019b8       0x68 CMakeFiles/main.dir/C_/SDK/pico-sdk/src/rp2_common/hardware_timer/timer.c.obj
                0x100019b8                busy_wait_us
 .text.busy_wait_until
                0x10001a20       0x20 CMakeFiles/main.dir/C_/SDK/pico-sdk/src/rp2_common/hardware_timer/timer.c.obj
                0x10001a20                busy_wait_until
 .text.uart_init
                0x10001a40      0x120 CMakeFiles/main.dir/C_/SDK/pico-sdk/src/rp2_common/hardware_uart/uart.c.obj
                0x10001a40                uart_init
 .text.clock_configure_int_divider
                0x10001b60       0xf4 CMakeFiles/main.dir/C_/SDK/pico-sdk/src/rp2_common/hardware_clocks/clocks.c.obj
                0x10001b60                clock_configure_int_divider
 .text.clock_configure_undivided
                0x10001c54       0xe8 CMakeFiles/main.dir/C_/SDK/pico-sdk/src/rp2_common/hardware_clocks/clocks.c.obj
                0x10001c54                clock_configure_undivided
 .text.clock_get_hz
                0x10001d3c        0xc CMakeFiles/main.dir/C_/SDK/pico-sdk/src/rp2_common/hardware_clocks/clocks.c.obj
                0x10001d3c                clock_get_hz
 .text.pll_init
                0x10001d48       0xa4 CMakeFiles/main.dir/C_/SDK/pico-sdk/src/rp2_common/hardware_pll/pll.c.obj
                0x10001d48                pll_init
 .text.watchdog_reboot
                0x10001dec       0x9c CMakeFiles/main.dir/C_/SDK/pico-sdk/src/rp2_common/hardware_watchdog/watchdog.c.obj
                0x10001dec                watchdog_reboot
 .text.tick_start
                0x10001e88       0x10 CMakeFiles/main.dir/C_/SDK/pico-sdk/src/rp2_common/hardware_ticks/ticks.c.obj
                0x10001e88                tick_start
 .text.rom_func_lookup
                0x10001e98       0x10 CMakeFiles/main.dir/C_/SDK/pico-sdk/src/rp2_common/pico_bootrom/bootrom.c.obj
                0x10001e98                rom_func_lookup
 .text.rom_data_lookup
                0x10001ea8       0x10 CMakeFiles/main.dir/C_/SDK/pico-sdk/src/rp2_common/pico_bootrom/bootrom.c.obj
                0x10001ea8                rom_data_lookup
 .text.rom_funcs_lookup
                0x10001eb8       0x44 CMakeFiles/main.dir/C_/SDK/pico-sdk/src/rp2_common/pico_bootrom/bootrom.c.obj
                0x10001eb8                rom_funcs_lookup
 .text.rom_reset_usb_boot_extra
                0x10001efc       0x24 CMakeFiles/main.dir/C_/SDK/pico-sdk/src/rp2_common/pico_bootrom/bootrom.c.obj
                0x10001efc                rom_reset_usb_boot_extra
 .text.xosc_init
                0x10001f20       0x28 CMakeFiles/main.dir/C_/SDK/pico-sdk/src/rp2_common/hardware_xosc/xosc.c.obj
                0x10001f20                xosc_init
 .text.first_per_core_initializer
                0x10001f48        0x4 CMakeFiles/main.dir/C_/SDK/pico-sdk/src/rp2_common/pico_runtime/runtime.c.obj
 .text.hard_assertion_failure
                0x10001f4c        0xc CMakeFiles/main.dir/C_/SDK/pico-sdk/src/rp2_common/pico_runtime/runtime.c.obj
                0x10001f4c                hard_assertion_failure
 .text.runtime_run_initializers
                0x10001f58       0x28 CMakeFiles/main.dir/C_/SDK/pico-sdk/src/rp2_common/pico_runtime/runtime.c.obj
                0x10001f58                runtime_run_initializers
 .text.runtime_init_early_resets
                0x10001f80       0x2c CMakeFiles/main.dir/C_/SDK/pico-sdk/src/rp2_common/pico_runtime_init/runtime_init.c.obj
                0x10001f80                runtime_init_early_resets
 .text.runtime_init_usb_power_down
                0x10001fac       0x1c CMakeFiles/main.dir/C_/SDK/pico-sdk/src/rp2_common/pico_runtime_init/runtime_init.c.obj
                0x10001fac                runtime_init_usb_power_down
 .text.runtime_init_post_clock_resets
                0x10001fc8       0x20 CMakeFiles/main.dir/C_/SDK/pico-sdk/src/rp2_common/pico_runtime_init/runtime_init.c.obj
                0x10001fc8                runtime_init_post_clock_resets
 .text.runtime_init_rp2040_gpio_ie_disable
                0x10001fe8       0x14 CMakeFiles/main.dir/C_/SDK/pico-sdk/src/rp2_common/pico_runtime_init/runtime_init.c.obj
                0x10001fe8                runtime_init_rp2040_gpio_ie_disable
 .text.runtime_init_spin_locks_reset
                0x10001ffc        0x8 CMakeFiles/main.dir/C_/SDK/pico-sdk/src/rp2_common/pico_runtime_init/runtime_init.c.obj
                0x10001ffc                runtime_init_spin_locks_reset
 .text.runtime_init_install_ram_vector_table
                0x10002004       0x1c CMakeFiles/main.dir/C_/SDK/pico-sdk/src/rp2_common/pico_runtime_init/runtime_init.c.obj
                0x10002004                runtime_init_install_ram_vector_table
 .text.runtime_init_clocks
                0x10002020       0xd8 CMakeFiles/main.dir/C_/SDK/pico-sdk/src/rp2_common/pico_runtime_init/runtime_init_clocks.c.obj
                0x10002020                runtime_init_clocks
 .text          0x100020f8       0x10 CMakeFiles/main.dir/C_/SDK/pico-sdk/src/rp2_common/pico_bit_ops/bit_ops_aeabi.S.obj
 .text.__wrap___aeabi_idiv
                0x10002108       0x50 CMakeFiles/main.dir/C_/SDK/pico-sdk/src/rp2_common/pico_divider/divider_hardware.S.obj
                0x10002108                __wrap___aeabi_idivmod
                0x10002108                divmod_s32s32
                0x10002108                div_s32s32
                0x10002108                __wrap___aeabi_idiv
                0x10002110                divmod_s32s32_unsafe
                0x1000213c                divmod_s32s32_savestate
 .text.__wrap___aeabi_uidiv
                0x10002158       0x4c CMakeFiles/main.dir/C_/SDK/pico-sdk/src/rp2_common/pico_divider/divider_hardware.S.obj
                0x10002158                __wrap___aeabi_uidiv
                0x10002158                __wrap___aeabi_uidivmod
                0x10002158                div_u32u32
                0x10002158                divmod_u32u32
                0x10002160                divmod_u32u32_unsafe
                0x10002188                divmod_u32u32_savestate
 .text.__wrap___aeabi_ldiv
                0x100021a4      0x424 CMakeFiles/main.dir/C_/SDK/pico-sdk/src/rp2_common/pico_divider/divider_hardware.S.obj
                0x100021a4                div_s64s64
                0x100021a4                divmod_s64s64
                0x100021a4                __wrap___aeabi_ldivmod
                0x100021d4                divmod_u64u64
                0x100021d4                div_u64u64
                0x100021d4                __wrap___aeabi_uldivmod
                0x100021e4                divmod_u64u64_savestate
                0x10002204                divmod_s64s64_unsafe
                0x1000228c                divmod_u64u64_unsafe
 .text.__wrap___aeabi_darithmetic
                0x100025c8       0x80 CMakeFiles/main.dir/C_/SDK/pico-sdk/src/rp2_common/pico_double/double_aeabi_rp2040.S.obj
                0x100025c8                __wrap___aeabi_drsub
                0x100025ce                __wrap___aeabi_dsub
                0x100025e0                __wrap___aeabi_dadd
                0x100025f2                __wrap___aeabi_ddiv
                0x1000262e                __wrap___aeabi_dmul
 .text.__wrap___aeabi_cdcmple
                0x10002648       0x6c CMakeFiles/main.dir/C_/SDK/pico-sdk/src/rp2_common/pico_double/double_aeabi_rp2040.S.obj
                0x10002648                __wrap___aeabi_cdrcmple
                0x10002658                __wrap___aeabi_cdcmpeq
                0x10002658                __wrap___aeabi_cdcmple
 .text.__wrap___aeabi_dcmplt
                0x100026b4        0xc CMakeFiles/main.dir/C_/SDK/pico-sdk/src/rp2_common/pico_double/double_aeabi_rp2040.S.obj
                0x100026b4                __wrap___aeabi_dcmplt
 .text.__wrap___aeabi_dcmple
                0x100026c0       0x10 CMakeFiles/main.dir/C_/SDK/pico-sdk/src/rp2_common/pico_double/double_aeabi_rp2040.S.obj
                0x100026c0                __wrap___aeabi_dcmple
 .text.__wrap___aeabi_dcmpge
                0x100026d0       0x10 CMakeFiles/main.dir/C_/SDK/pico-sdk/src/rp2_common/pico_double/double_aeabi_rp2040.S.obj
                0x100026d0                __wrap___aeabi_dcmpge
 .text.__wrap___aeabi_dcmpgt
                0x100026e0        0xa CMakeFiles/main.dir/C_/SDK/pico-sdk/src/rp2_common/pico_double/double_aeabi_rp2040.S.obj
                0x100026e0                __wrap___aeabi_dcmpgt
 .text.__wrap___aeabi_dcmpun
                0x100026ea       0x18 CMakeFiles/main.dir/C_/SDK/pico-sdk/src/rp2_common/pico_double/double_aeabi_rp2040.S.obj
                0x100026ea                __wrap___aeabi_dcmpun
 *fill*         0x10002702        0x2 
 .text.__wrap___aeabi_i2d
                0x10002704       0x38 CMakeFiles/main.dir/C_/SDK/pico-sdk/src/rp2_common/pico_double/double_aeabi_rp2040.S.obj
                0x10002704                uint2double
                0x10002704                __wrap___aeabi_ui2d
                0x1000270c                int2double
                0x1000270c                __wrap___aeabi_i2d
 .text.__wrap___aeabi_d2iz
                0x1000273c       0x48 CMakeFiles/main.dir/C_/SDK/pico-sdk/src/rp2_common/pico_double/double_aeabi_rp2040.S.obj
                0x1000273c                double2int_z
                0x1000273c                __wrap___aeabi_d2iz
 .text.__wrap___aeabi_d2uiz
                0x10002784       0x18 CMakeFiles/main.dir/C_/SDK/pico-sdk/src/rp2_common/pico_double/double_aeabi_rp2040.S.obj
                0x10002784                double2uint
                0x10002784                __wrap___aeabi_d2uiz
                0x10002784                double2uint_z
 .text.__wrap___aeabi_ul2d
                0x1000279c       0x18 CMakeFiles/main.dir/C_/SDK/pico-sdk/src/rp2_common/pico_double/double_aeabi_rp2040.S.obj
                0x1000279c                __wrap___aeabi_ul2d
                0x1000279c                uint642double
 .text.__wrap_log
                0x100027b4       0x18 CMakeFiles/main.dir/C_/SDK/pico-sdk/src/rp2_common/pico_double/double_aeabi_rp2040.S.obj
                0x100027b4                __wrap_log
 .text.__aeabi_double_init
                0x100027cc       0xa4 CMakeFiles/main.dir/C_/SDK/pico-sdk/src/rp2_common/pico_double/double_init_rom_rp2040.c.obj
                0x100027cc                __aeabi_double_init
 .text.double_table_shim_on_use_helper
                0x10002870       0x2c CMakeFiles/main.dir/C_/SDK/pico-sdk/src/rp2_common/pico_double/double_v1_rom_shim_rp2040.S.obj
                0x10002870                double_table_shim_on_use_helper
 .text.__wrap___aeabi_dsub
                0x1000289c       0x10 CMakeFiles/main.dir/C_/SDK/pico-sdk/src/rp2_common/pico_double/double_v1_rom_shim_rp2040.S.obj
                0x1000289c                drsub_shim
                0x100028a2                dsub_shim
 .text.dadd_shim
                0x100028ac      0x15c CMakeFiles/main.dir/C_/SDK/pico-sdk/src/rp2_common/pico_double/double_v1_rom_shim_rp2040.S.obj
                0x100028ac                dadd_shim
 .text.dmul_shim
                0x10002a08      0x15c CMakeFiles/main.dir/C_/SDK/pico-sdk/src/rp2_common/pico_double/double_v1_rom_shim_rp2040.S.obj
                0x10002a08                dmul_shim
 .text.ddiv_shim
                0x10002b64      0x1b0 CMakeFiles/main.dir/C_/SDK/pico-sdk/src/rp2_common/pico_double/double_v1_rom_shim_rp2040.S.obj
                0x10002b64                ddiv_shim
 .text.double2uint_shim
                0x10002d14        0xe CMakeFiles/main.dir/C_/SDK/pico-sdk/src/rp2_common/pico_double/double_v1_rom_shim_rp2040.S.obj
                0x10002d14                double2uint_shim
                0x10002d16                double2ufix_shim
 *fill*         0x10002d22        0x2 
 .text.double2uint64_shim
                0x10002d24       0x70 CMakeFiles/main.dir/C_/SDK/pico-sdk/src/rp2_common/pico_double/double_v1_rom_shim_rp2040.S.obj
                0x10002d24                double2uint64_shim
                0x10002d26                double2ufix64_shim
                0x10002d46                d2fix_a
 .text.x2double_shims
                0x10002d94       0x90 CMakeFiles/main.dir/C_/SDK/pico-sdk/src/rp2_common/pico_double/double_v1_rom_shim_rp2040.S.obj
                0x10002d94                uint2double_shim
                0x10002d96                ufix2double_shim
                0x10002d9c                int2double_shim
                0x10002d9e                fix2double_shim
                0x10002da4                uint642double_shim
                0x10002da6                ufix642double_shim
                0x10002dac                int642double_shim
                0x10002dae                fix642double_shim
 .text.dunpacks
                0x10002e24       0x3c CMakeFiles/main.dir/C_/SDK/pico-sdk/src/rp2_common/pico_double/double_v1_rom_shim_rp2040.S.obj
                0x10002e24                dunpacks
 .text.dreduce  0x10002e60       0x82 CMakeFiles/main.dir/C_/SDK/pico-sdk/src/rp2_common/pico_double/double_v1_rom_shim_rp2040.S.obj
                0x10002e60                dreduce
 *fill*         0x10002ee2        0x2 
 .text.dexp_guts
                0x10002ee4      0x268 CMakeFiles/main.dir/C_/SDK/pico-sdk/src/rp2_common/pico_double/double_v1_rom_shim_rp2040.S.obj
                0x10002ee4                dexp_shim
                0x10002f80                dln_shim
 .text.__aeabi_lmul
                0x1000314c       0x32 CMakeFiles/main.dir/C_/SDK/pico-sdk/src/rp2_common/pico_int64_ops/pico_int64_ops_aeabi.S.obj
                0x1000314c                __wrap___aeabi_lmul
 *fill*         0x1000317e        0x2 
 .text.__aeabi_float_init
                0x10003180       0x64 CMakeFiles/main.dir/C_/SDK/pico-sdk/src/rp2_common/pico_float/float_init_rom_rp2040.c.obj
                0x10003180                __aeabi_float_init
 .text.float_table_shim_on_use_helper
                0x100031e4       0x2c CMakeFiles/main.dir/C_/SDK/pico-sdk/src/rp2_common/pico_float/float_v1_rom_shim_rp2040.S.obj
                0x100031e4                float_table_shim_on_use_helper
 .text          0x10003210       0x10 CMakeFiles/main.dir/C_/SDK/pico-sdk/src/rp2_common/pico_mem_ops/mem_ops_aeabi.S.obj
                0x10003210                __aeabi_mem_init
 .text.memset   0x10003220        0xc CMakeFiles/main.dir/C_/SDK/pico-sdk/src/rp2_common/pico_mem_ops/mem_ops_aeabi.S.obj
                0x10003220                __wrap_memset
 .text.memcpy   0x1000322c        0xc CMakeFiles/main.dir/C_/SDK/pico-sdk/src/rp2_common/pico_mem_ops/mem_ops_aeabi.S.obj
                0x1000322c                __wrap_memcpy
                0x1000322c                __wrap___aeabi_memcpy
 .text._out_null
                0x10003238        0x4 CMakeFiles/main.dir/C_/SDK/pico-sdk/src/rp2_common/pico_printf/printf.c.obj
 .text._out_rev
                0x1000323c       0xac CMakeFiles/main.dir/C_/SDK/pico-sdk/src/rp2_common/pico_printf/printf.c.obj
 .text._ntoa_format
                0x100032e8      0x1cc CMakeFiles/main.dir/C_/SDK/pico-sdk/src/rp2_common/pico_printf/printf.c.obj
 .text._out_char
                0x100034b4       0x10 CMakeFiles/main.dir/C_/SDK/pico-sdk/src/rp2_common/pico_printf/printf.c.obj
 .text._out_fct
                0x100034c4       0x10 CMakeFiles/main.dir/C_/SDK/pico-sdk/src/rp2_common/pico_printf/printf.c.obj
 .text._ftoa    0x100034d4      0x4a8 CMakeFiles/main.dir/C_/SDK/pico-sdk/src/rp2_common/pico_printf/printf.c.obj
 .text._etoa    0x1000397c      0x57c CMakeFiles/main.dir/C_/SDK/pico-sdk/src/rp2_common/pico_printf/printf.c.obj
 .text._vsnprintf
                0x10003ef8      0xbe0 CMakeFiles/main.dir/C_/SDK/pico-sdk/src/rp2_common/pico_printf/printf.c.obj
 .text.vfctprintf
                0x10004ad8       0x24 CMakeFiles/main.dir/C_/SDK/pico-sdk/src/rp2_common/pico_printf/printf.c.obj
                0x10004ad8                vfctprintf
 .text.weak_raw_vprintf
                0x10004afc       0x30 CMakeFiles/main.dir/C_/SDK/pico-sdk/src/rp2_common/pico_printf/printf.c.obj
                0x10004afc                weak_raw_vprintf
 .text._exit    0x10004b2c        0x4 CMakeFiles/main.dir/C_/SDK/pico-sdk/src/rp2_common/pico_clib_interface/newlib_interface.c.obj
                0x10004b2c                _exit
 .text.exit     0x10004b30        0x8 CMakeFiles/main.dir/C_/SDK/pico-sdk/src/rp2_common/pico_clib_interface/newlib_interface.c.obj
                0x10004b30                exit
 .text.runtime_init
                0x10004b38       0x2c CMakeFiles/main.dir/C_/SDK/pico-sdk/src/rp2_common/pico_clib_interface/newlib_interface.c.obj
                0x10004b38                runtime_init
 .text.stdio_out_chars_no_crlf
                0x10004b64       0x10 CMakeFiles/main.dir/C_/SDK/pico-sdk/src/rp2_common/pico_stdio/stdio.c.obj
 .text.stdio_out_chars_crlf
                0x10004b74       0xb0 CMakeFiles/main.dir/C_/SDK/pico-sdk/src/rp2_common/pico_stdio/stdio.c.obj
 .text.stdio_buffered_printer
                0x10004c24       0x64 CMakeFiles/main.dir/C_/SDK/pico-sdk/src/rp2_common/pico_stdio/stdio.c.obj
 .text.stdio_put_string
                0x10004c88       0xfc CMakeFiles/main.dir/C_/SDK/pico-sdk/src/rp2_common/pico_stdio/stdio.c.obj
                0x10004c88                stdio_put_string
 .text.stdio_set_driver_enabled
                0x10004d84       0x30 CMakeFiles/main.dir/C_/SDK/pico-sdk/src/rp2_common/pico_stdio/stdio.c.obj
                0x10004d84                stdio_set_driver_enabled
 .text.stdio_init_all
                0x10004db4       0x10 CMakeFiles/main.dir/C_/SDK/pico-sdk/src/rp2_common/pico_stdio/stdio.c.obj
                0x10004db4                stdio_init_all
 .text.__wrap_putchar
                0x10004dc4       0x94 CMakeFiles/main.dir/C_/SDK/pico-sdk/src/rp2_common/pico_stdio/stdio.c.obj
                0x10004dc4                __wrap_putchar
                0x10004dc4                stdio_putchar
 .text.__wrap_puts
                0x10004e58       0x3c CMakeFiles/main.dir/C_/SDK/pico-sdk/src/rp2_common/pico_stdio/stdio.c.obj
                0x10004e58                stdio_puts
                0x10004e58                __wrap_puts
 .text.__wrap_vprintf
                0x10004e94       0xcc CMakeFiles/main.dir/C_/SDK/pico-sdk/src/rp2_common/pico_stdio/stdio.c.obj
                0x10004e94                stdio_vprintf
                0x10004e94                __wrap_vprintf
 .text.__wrap_printf
                0x10004f60       0x18 CMakeFiles/main.dir/C_/SDK/pico-sdk/src/rp2_common/pico_stdio/stdio.c.obj
                0x10004f60                __wrap_printf
                0x10004f60                stdio_printf
 .text.stdio_uart_out_chars
                0x10004f78       0x4c CMakeFiles/main.dir/C_/SDK/pico-sdk/src/rp2_common/pico_stdio_uart/stdio_uart.c.obj
 .text.stdio_uart_in_chars
                0x10004fc4       0x90 CMakeFiles/main.dir/C_/SDK/pico-sdk/src/rp2_common/pico_stdio_uart/stdio_uart.c.obj
                0x10004fc4                stdio_uart_in_chars
 .text.on_uart_rx
                0x10005054       0x28 CMakeFiles/main.dir/C_/SDK/pico-sdk/src/rp2_common/pico_stdio_uart/stdio_uart.c.obj
 .text.stdio_uart_out_flush
                0x1000507c       0x14 CMakeFiles/main.dir/C_/SDK/pico-sdk/src/rp2_common/pico_stdio_uart/stdio_uart.c.obj
 .text.stdio_uart_set_chars_available_callback
                0x10005090       0x84 CMakeFiles/main.dir/C_/SDK/pico-sdk/src/rp2_common/pico_stdio_uart/stdio_uart.c.obj
 .text.stdio_uart_init
                0x10005114       0x50 CMakeFiles/main.dir/C_/SDK/pico-sdk/src/rp2_common/pico_stdio_uart/stdio_uart.c.obj
                0x10005114                stdio_uart_init
 .text.resetd_init
                0x10005164        0x4 CMakeFiles/main.dir/C_/SDK/pico-sdk/src/rp2_common/pico_stdio_usb/reset_interface.c.obj
 .text.resetd_reset
                0x10005168        0xc CMakeFiles/main.dir/C_/SDK/pico-sdk/src/rp2_common/pico_stdio_usb/reset_interface.c.obj
 .text.resetd_open
                0x10005174       0x28 CMakeFiles/main.dir/C_/SDK/pico-sdk/src/rp2_common/pico_stdio_usb/reset_interface.c.obj
 .text.resetd_xfer_cb
                0x1000519c        0x4 CMakeFiles/main.dir/C_/SDK/pico-sdk/src/rp2_common/pico_stdio_usb/reset_interface.c.obj
 .text.resetd_control_xfer_cb
                0x100051a0       0x54 CMakeFiles/main.dir/C_/SDK/pico-sdk/src/rp2_common/pico_stdio_usb/reset_interface.c.obj
 .text.tud_descriptor_bos_cb
                0x100051f4        0x8 CMakeFiles/main.dir/C_/SDK/pico-sdk/src/rp2_common/pico_stdio_usb/reset_interface.c.obj
                0x100051f4                tud_descriptor_bos_cb
 .text.tud_vendor_control_xfer_cb
                0x100051fc       0x34 CMakeFiles/main.dir/C_/SDK/pico-sdk/src/rp2_common/pico_stdio_usb/reset_interface.c.obj
                0x100051fc                tud_vendor_control_xfer_cb
 .text.usbd_app_driver_get_cb
                0x10005230        0xc CMakeFiles/main.dir/C_/SDK/pico-sdk/src/rp2_common/pico_stdio_usb/reset_interface.c.obj
                0x10005230                usbd_app_driver_get_cb
 .text.tud_cdc_line_coding_cb
                0x1000523c       0x2c CMakeFiles/main.dir/C_/SDK/pico-sdk/src/rp2_common/pico_stdio_usb/reset_interface.c.obj
                0x1000523c                tud_cdc_line_coding_cb
 .text.stdio_usb_set_chars_available_callback
                0x10005268       0x14 CMakeFiles/main.dir/C_/SDK/pico-sdk/src/rp2_common/pico_stdio_usb/stdio_usb.c.obj
                0x10005268                stdio_usb_set_chars_available_callback
 .text.usb_irq  0x1000527c       0x10 CMakeFiles/main.dir/C_/SDK/pico-sdk/src/rp2_common/pico_stdio_usb/stdio_usb.c.obj
 .text.timer_task
                0x1000528c       0x64 CMakeFiles/main.dir/C_/SDK/pico-sdk/src/rp2_common/pico_stdio_usb/stdio_usb.c.obj
 .text.stdio_usb_in_chars
                0x100052f0       0x8c CMakeFiles/main.dir/C_/SDK/pico-sdk/src/rp2_common/pico_stdio_usb/stdio_usb.c.obj
                0x100052f0                stdio_usb_in_chars
 .text.stdio_usb_out_flush
                0x1000537c       0x4c CMakeFiles/main.dir/C_/SDK/pico-sdk/src/rp2_common/pico_stdio_usb/stdio_usb.c.obj
 .text.stdio_usb_out_chars
                0x100053c8      0x100 CMakeFiles/main.dir/C_/SDK/pico-sdk/src/rp2_common/pico_stdio_usb/stdio_usb.c.obj
 .text.low_priority_worker_irq
                0x100054c8       0xc8 CMakeFiles/main.dir/C_/SDK/pico-sdk/src/rp2_common/pico_stdio_usb/stdio_usb.c.obj
 .text.stdio_usb_init
                0x10005590       0xe8 CMakeFiles/main.dir/C_/SDK/pico-sdk/src/rp2_common/pico_stdio_usb/stdio_usb.c.obj
                0x10005590                stdio_usb_init
 .text.tud_descriptor_device_cb
                0x10005678        0x8 CMakeFiles/main.dir/C_/SDK/pico-sdk/src/rp2_common/pico_stdio_usb/stdio_usb_descriptors.c.obj
                0x10005678                tud_descriptor_device_cb
 .text.tud_descriptor_configuration_cb
                0x10005680        0x8 CMakeFiles/main.dir/C_/SDK/pico-sdk/src/rp2_common/pico_stdio_usb/stdio_usb_descriptors.c.obj
                0x10005680                tud_descriptor_configuration_cb
 .text.tud_descriptor_string_cb
                0x10005688       0x78 CMakeFiles/main.dir/C_/SDK/pico-sdk/src/rp2_common/pico_stdio_usb/stdio_usb_descriptors.c.obj
                0x10005688                tud_descriptor_string_cb
 .text.startup._retrieve_unique_id_on_boot
                0x10005700       0x10 CMakeFiles/main.dir/C_/SDK/pico-sdk/src/rp2_common/pico_unique_id/unique_id.c.obj
 .text.pico_get_unique_board_id_string
                0x10005710      0x1a8 CMakeFiles/main.dir/C_/SDK/pico-sdk/src/rp2_common/pico_unique_id/unique_id.c.obj
                0x10005710                pico_get_unique_board_id_string
 .text.flash_get_unique_id
                0x100058b8       0x3c CMakeFiles/main.dir/C_/SDK/pico-sdk/src/rp2_common/hardware_flash/flash.c.obj
                0x100058b8                flash_get_unique_id
 .text.dcd_init
                0x100058f4       0x90 CMakeFiles/main.dir/C_/SDK/pico-sdk/lib/tinyusb/src/portable/raspberrypi/rp2040/dcd_rp2040.c.obj
                0x100058f4                dcd_init
 .text.dcd_int_enable
                0x10005984        0xc CMakeFiles/main.dir/C_/SDK/pico-sdk/lib/tinyusb/src/portable/raspberrypi/rp2040/dcd_rp2040.c.obj
                0x10005984                dcd_int_enable
 .text.dcd_set_address
                0x10005990       0x14 CMakeFiles/main.dir/C_/SDK/pico-sdk/lib/tinyusb/src/portable/raspberrypi/rp2040/dcd_rp2040.c.obj
                0x10005990                dcd_set_address
 .text.dcd_sof_enable
                0x100059a4       0x1c CMakeFiles/main.dir/C_/SDK/pico-sdk/lib/tinyusb/src/portable/raspberrypi/rp2040/dcd_rp2040.c.obj
                0x100059a4                dcd_sof_enable
 .text.dcd_edpt0_status_complete
                0x100059c0       0x1c CMakeFiles/main.dir/C_/SDK/pico-sdk/lib/tinyusb/src/portable/raspberrypi/rp2040/dcd_rp2040.c.obj
                0x100059c0                dcd_edpt0_status_complete
 .text.dcd_edpt_open
                0x100059dc      0x114 CMakeFiles/main.dir/C_/SDK/pico-sdk/lib/tinyusb/src/portable/raspberrypi/rp2040/dcd_rp2040.c.obj
                0x100059dc                dcd_edpt_open
 .text.dcd_edpt_close_all
                0x10005af0        0x8 CMakeFiles/main.dir/C_/SDK/pico-sdk/lib/tinyusb/src/portable/raspberrypi/rp2040/dcd_rp2040.c.obj
                0x10005af0                dcd_edpt_close_all
 .text.dcd_edpt_xfer
                0x10005af8       0x24 CMakeFiles/main.dir/C_/SDK/pico-sdk/lib/tinyusb/src/portable/raspberrypi/rp2040/dcd_rp2040.c.obj
                0x10005af8                dcd_edpt_xfer
 .text.dcd_edpt_stall
                0x10005b1c       0x3c CMakeFiles/main.dir/C_/SDK/pico-sdk/lib/tinyusb/src/portable/raspberrypi/rp2040/dcd_rp2040.c.obj
                0x10005b1c                dcd_edpt_stall
 .text.dcd_edpt_clear_stall
                0x10005b58       0x30 CMakeFiles/main.dir/C_/SDK/pico-sdk/lib/tinyusb/src/portable/raspberrypi/rp2040/dcd_rp2040.c.obj
                0x10005b58                dcd_edpt_clear_stall
 .text.rp2040_usb_init
                0x10005b88       0x40 CMakeFiles/main.dir/C_/SDK/pico-sdk/lib/tinyusb/src/portable/raspberrypi/rp2040/rp2040_usb.c.obj
                0x10005b88                rp2040_usb_init
 .text.hw_endpoint_xfer_start
                0x10005bc8       0x40 CMakeFiles/main.dir/C_/SDK/pico-sdk/lib/tinyusb/src/portable/raspberrypi/rp2040/rp2040_usb.c.obj
                0x10005bc8                hw_endpoint_xfer_start
 .text.tud_event_hook_cb
                0x10005c08        0x4 CMakeFiles/main.dir/C_/SDK/pico-sdk/lib/tinyusb/src/device/usbd.c.obj
                0x10005c08                tud_event_hook_cb
 .text.tud_sof_cb
                0x10005c0c        0x4 CMakeFiles/main.dir/C_/SDK/pico-sdk/lib/tinyusb/src/device/usbd.c.obj
                0x10005c0c                tud_sof_cb
 .text.tud_descriptor_device_qualifier_cb
                0x10005c10        0x4 CMakeFiles/main.dir/C_/SDK/pico-sdk/lib/tinyusb/src/device/usbd.c.obj
                0x10005c10                tud_descriptor_device_qualifier_cb
 .text.tud_descriptor_other_speed_configuration_cb
                0x10005c14        0x4 CMakeFiles/main.dir/C_/SDK/pico-sdk/lib/tinyusb/src/device/usbd.c.obj
                0x10005c14                tud_descriptor_other_speed_configuration_cb
 .text.tud_mount_cb
                0x10005c18        0x4 CMakeFiles/main.dir/C_/SDK/pico-sdk/lib/tinyusb/src/device/usbd.c.obj
                0x10005c18                tud_mount_cb
 .text.tud_umount_cb
                0x10005c1c        0x4 CMakeFiles/main.dir/C_/SDK/pico-sdk/lib/tinyusb/src/device/usbd.c.obj
                0x10005c1c                tud_umount_cb
 .text.tud_suspend_cb
                0x10005c20        0x4 CMakeFiles/main.dir/C_/SDK/pico-sdk/lib/tinyusb/src/device/usbd.c.obj
                0x10005c20                tud_suspend_cb
 .text.tud_resume_cb
                0x10005c24        0x4 CMakeFiles/main.dir/C_/SDK/pico-sdk/lib/tinyusb/src/device/usbd.c.obj
                0x10005c24                tud_resume_cb
 .text.tud_mounted
                0x10005c28       0x10 CMakeFiles/main.dir/C_/SDK/pico-sdk/lib/tinyusb/src/device/usbd.c.obj
                0x10005c28                tud_mounted
 .text.tud_suspended
                0x10005c38       0x10 CMakeFiles/main.dir/C_/SDK/pico-sdk/lib/tinyusb/src/device/usbd.c.obj
                0x10005c38                tud_suspended
 .text.tud_rhport_init
                0x10005c48       0xf4 CMakeFiles/main.dir/C_/SDK/pico-sdk/lib/tinyusb/src/device/usbd.c.obj
                0x10005c48                tud_rhport_init
 .text.tud_task_ext
                0x10005d3c      0x800 CMakeFiles/main.dir/C_/SDK/pico-sdk/lib/tinyusb/src/device/usbd.c.obj
                0x10005d3c                tud_task_ext
 .text.usbd_open_edpt_pair
                0x1000653c       0x9c CMakeFiles/main.dir/C_/SDK/pico-sdk/lib/tinyusb/src/device/usbd.c.obj
                0x1000653c                usbd_open_edpt_pair
 .text.usbd_edpt_open
                0x100065d8       0x34 CMakeFiles/main.dir/C_/SDK/pico-sdk/lib/tinyusb/src/device/usbd.c.obj
                0x100065d8                usbd_edpt_open
 .text.usbd_edpt_claim
                0x1000660c       0x28 CMakeFiles/main.dir/C_/SDK/pico-sdk/lib/tinyusb/src/device/usbd.c.obj
                0x1000660c                usbd_edpt_claim
 .text.usbd_edpt_release
                0x10006634       0x28 CMakeFiles/main.dir/C_/SDK/pico-sdk/lib/tinyusb/src/device/usbd.c.obj
                0x10006634                usbd_edpt_release
 .text.usbd_edpt_xfer
                0x1000665c       0x4c CMakeFiles/main.dir/C_/SDK/pico-sdk/lib/tinyusb/src/device/usbd.c.obj
                0x1000665c                usbd_edpt_xfer
 .text.tud_control_status
                0x100066a8       0x2c CMakeFiles/main.dir/C_/SDK/pico-sdk/lib/tinyusb/src/device/usbd_control.c.obj
                0x100066a8                tud_control_status
 .text.tud_control_xfer
                0x100066d4       0xa8 CMakeFiles/main.dir/C_/SDK/pico-sdk/lib/tinyusb/src/device/usbd_control.c.obj
                0x100066d4                tud_control_xfer
 .text.usbd_control_reset
                0x1000677c       0x14 CMakeFiles/main.dir/C_/SDK/pico-sdk/lib/tinyusb/src/device/usbd_control.c.obj
                0x1000677c                usbd_control_reset
 .text.usbd_control_set_complete_callback
                0x10006790        0xc CMakeFiles/main.dir/C_/SDK/pico-sdk/lib/tinyusb/src/device/usbd_control.c.obj
                0x10006790                usbd_control_set_complete_callback
 .text.usbd_control_set_request
                0x1000679c       0x1c CMakeFiles/main.dir/C_/SDK/pico-sdk/lib/tinyusb/src/device/usbd_control.c.obj
                0x1000679c                usbd_control_set_request
 .text.usbd_control_xfer_cb
                0x100067b8       0xec CMakeFiles/main.dir/C_/SDK/pico-sdk/lib/tinyusb/src/device/usbd_control.c.obj
                0x100067b8                usbd_control_xfer_cb
 .text._prep_out_transaction.isra.0
                0x100068a4       0x6c CMakeFiles/main.dir/C_/SDK/pico-sdk/lib/tinyusb/src/class/cdc/cdc_device.c.obj
 .text.tud_cdc_n_connected
                0x10006910       0x2c CMakeFiles/main.dir/C_/SDK/pico-sdk/lib/tinyusb/src/class/cdc/cdc_device.c.obj
                0x10006910                tud_cdc_n_connected
 .text.tud_cdc_n_available
                0x1000693c       0x14 CMakeFiles/main.dir/C_/SDK/pico-sdk/lib/tinyusb/src/class/cdc/cdc_device.c.obj
                0x1000693c                tud_cdc_n_available
 .text.tud_cdc_n_read
                0x10006950       0x88 CMakeFiles/main.dir/C_/SDK/pico-sdk/lib/tinyusb/src/class/cdc/cdc_device.c.obj
                0x10006950                tud_cdc_n_read
 .text.tud_cdc_n_write_flush
                0x100069d8       0x74 CMakeFiles/main.dir/C_/SDK/pico-sdk/lib/tinyusb/src/class/cdc/cdc_device.c.obj
                0x100069d8                tud_cdc_n_write_flush
 .text.tud_cdc_n_write
                0x10006a4c       0x40 CMakeFiles/main.dir/C_/SDK/pico-sdk/lib/tinyusb/src/class/cdc/cdc_device.c.obj
                0x10006a4c                tud_cdc_n_write
 .text.tud_cdc_n_write_available
                0x10006a8c       0x14 CMakeFiles/main.dir/C_/SDK/pico-sdk/lib/tinyusb/src/class/cdc/cdc_device.c.obj
                0x10006a8c                tud_cdc_n_write_available
 .text.cdcd_init
                0x10006aa0       0x70 CMakeFiles/main.dir/C_/SDK/pico-sdk/lib/tinyusb/src/class/cdc/cdc_device.c.obj
                0x10006aa0                cdcd_init
 .text.cdcd_deinit
                0x10006b10       0x30 CMakeFiles/main.dir/C_/SDK/pico-sdk/lib/tinyusb/src/class/cdc/cdc_device.c.obj
                0x10006b10                cdcd_deinit
 .text.cdcd_reset
                0x10006b40       0x4c CMakeFiles/main.dir/C_/SDK/pico-sdk/lib/tinyusb/src/class/cdc/cdc_device.c.obj
                0x10006b40                cdcd_reset
 .text.cdcd_open
                0x10006b8c       0xa4 CMakeFiles/main.dir/C_/SDK/pico-sdk/lib/tinyusb/src/class/cdc/cdc_device.c.obj
                0x10006b8c                cdcd_open
 .text.cdcd_control_xfer_cb
                0x10006c30       0xe8 CMakeFiles/main.dir/C_/SDK/pico-sdk/lib/tinyusb/src/class/cdc/cdc_device.c.obj
                0x10006c30                cdcd_control_xfer_cb
 .text.cdcd_xfer_cb
                0x10006d18      0x100 CMakeFiles/main.dir/C_/SDK/pico-sdk/lib/tinyusb/src/class/cdc/cdc_device.c.obj
                0x10006d18                cdcd_xfer_cb
 .text.vendord_init
                0x10006e18       0x5c CMakeFiles/main.dir/C_/SDK/pico-sdk/lib/tinyusb/src/class/vendor/vendor_device.c.obj
                0x10006e18                vendord_init
 .text.vendord_deinit
                0x10006e74       0x1c CMakeFiles/main.dir/C_/SDK/pico-sdk/lib/tinyusb/src/class/vendor/vendor_device.c.obj
                0x10006e74                vendord_deinit
 .text.vendord_reset
                0x10006e90       0x28 CMakeFiles/main.dir/C_/SDK/pico-sdk/lib/tinyusb/src/class/vendor/vendor_device.c.obj
                0x10006e90                vendord_reset
 .text.vendord_open
                0x10006eb8      0x120 CMakeFiles/main.dir/C_/SDK/pico-sdk/lib/tinyusb/src/class/vendor/vendor_device.c.obj
                0x10006eb8                vendord_open
 .text.vendord_xfer_cb
                0x10006fd8       0x9c CMakeFiles/main.dir/C_/SDK/pico-sdk/lib/tinyusb/src/class/vendor/vendor_device.c.obj
                0x10006fd8                vendord_xfer_cb
 .text.tusb_rhport_init
                0x10007074       0x4c CMakeFiles/main.dir/C_/SDK/pico-sdk/lib/tinyusb/src/tusb.c.obj
                0x10007074                tusb_rhport_init
 .text.tu_edpt_claim
                0x100070c0       0x50 CMakeFiles/main.dir/C_/SDK/pico-sdk/lib/tinyusb/src/tusb.c.obj
                0x100070c0                tu_edpt_claim
 .text.tu_edpt_release
                0x10007110       0x38 CMakeFiles/main.dir/C_/SDK/pico-sdk/lib/tinyusb/src/tusb.c.obj
                0x10007110                tu_edpt_release
 .text.tu_edpt_validate
                0x10007148       0x7c CMakeFiles/main.dir/C_/SDK/pico-sdk/lib/tinyusb/src/tusb.c.obj
                0x10007148                tu_edpt_validate
 .text.tu_edpt_bind_driver
                0x100071c4       0x34 CMakeFiles/main.dir/C_/SDK/pico-sdk/lib/tinyusb/src/tusb.c.obj
                0x100071c4                tu_edpt_bind_driver
 .text.tu_edpt_stream_init
                0x100071f8       0x6c CMakeFiles/main.dir/C_/SDK/pico-sdk/lib/tinyusb/src/tusb.c.obj
                0x100071f8                tu_edpt_stream_init
 .text.tu_edpt_stream_deinit
                0x10007264        0x4 CMakeFiles/main.dir/C_/SDK/pico-sdk/lib/tinyusb/src/tusb.c.obj
                0x10007264                tu_edpt_stream_deinit
 .text.tu_edpt_stream_write_zlp_if_needed
                0x10007268       0x68 CMakeFiles/main.dir/C_/SDK/pico-sdk/lib/tinyusb/src/tusb.c.obj
                0x10007268                tu_edpt_stream_write_zlp_if_needed
 .text.tu_edpt_stream_write_xfer
                0x100072d0       0x68 CMakeFiles/main.dir/C_/SDK/pico-sdk/lib/tinyusb/src/tusb.c.obj
                0x100072d0                tu_edpt_stream_write_xfer
 .text.tu_edpt_stream_read_xfer
                0x10007338       0xd8 CMakeFiles/main.dir/C_/SDK/pico-sdk/lib/tinyusb/src/tusb.c.obj
                0x10007338                tu_edpt_stream_read_xfer
 .text.tu_fifo_config
                0x10007410       0x6c CMakeFiles/main.dir/C_/SDK/pico-sdk/lib/tinyusb/src/common/tusb_fifo.c.obj
                0x10007410                tu_fifo_config
 .text.tu_fifo_count
                0x1000747c       0x2c CMakeFiles/main.dir/C_/SDK/pico-sdk/lib/tinyusb/src/common/tusb_fifo.c.obj
                0x1000747c                tu_fifo_count
 .text.tu_fifo_empty
                0x100074a8       0x10 CMakeFiles/main.dir/C_/SDK/pico-sdk/lib/tinyusb/src/common/tusb_fifo.c.obj
                0x100074a8                tu_fifo_empty
 .text.tu_fifo_remaining
                0x100074b8       0x2c CMakeFiles/main.dir/C_/SDK/pico-sdk/lib/tinyusb/src/common/tusb_fifo.c.obj
                0x100074b8                tu_fifo_remaining
 .text.tu_fifo_read
                0x100074e4       0x9c CMakeFiles/main.dir/C_/SDK/pico-sdk/lib/tinyusb/src/common/tusb_fifo.c.obj
                0x100074e4                tu_fifo_read
 .text.tu_fifo_read_n
                0x10007580       0xe8 CMakeFiles/main.dir/C_/SDK/pico-sdk/lib/tinyusb/src/common/tusb_fifo.c.obj
                0x10007580                tu_fifo_read_n
 .text.tu_fifo_write
                0x10007668       0xa4 CMakeFiles/main.dir/C_/SDK/pico-sdk/lib/tinyusb/src/common/tusb_fifo.c.obj
                0x10007668                tu_fifo_write
 .text.tu_fifo_write_n
                0x1000770c      0x178 CMakeFiles/main.dir/C_/SDK/pico-sdk/lib/tinyusb/src/common/tusb_fifo.c.obj
                0x1000770c                tu_fifo_write_n
 .text.tu_fifo_clear
                0x10007884       0x40 CMakeFiles/main.dir/C_/SDK/pico-sdk/lib/tinyusb/src/common/tusb_fifo.c.obj
                0x10007884                tu_fifo_clear
 .text.tu_fifo_set_overwritable
                0x100078c4       0x48 CMakeFiles/main.dir/C_/SDK/pico-sdk/lib/tinyusb/src/common/tusb_fifo.c.obj
                0x100078c4                tu_fifo_set_overwritable
 .text.i2c_set_baudrate
                0x1000790c       0xc0 CMakeFiles/main.dir/C_/SDK/pico-sdk/src/rp2_common/hardware_i2c/i2c.c.obj
                0x1000790c                i2c_set_baudrate
 .text.i2c_init
                0x100079cc       0x50 CMakeFiles/main.dir/C_/SDK/pico-sdk/src/rp2_common/hardware_i2c/i2c.c.obj
                0x100079cc                i2c_init
 .text.i2c_set_slave_mode
                0x10007a1c       0x40 CMakeFiles/main.dir/C_/SDK/pico-sdk/src/rp2_common/hardware_i2c/i2c.c.obj
                0x10007a1c                i2c_set_slave_mode
 .text.adc_init
                0x10007a5c       0x38 CMakeFiles/main.dir/C_/SDK/pico-sdk/src/rp2_common/hardware_adc/adc.c.obj
                0x10007a5c                adc_init
 .text.i2c_slave_init
                0x10007a94       0x48 CMakeFiles/main.dir/C_/SDK/pico-sdk/src/rp2_common/pico_i2c_slave/i2c_slave.c.obj
                0x10007a94                i2c_slave_init
 .text.configure_pins
                0x10007adc      0x294 ..\..\n2adr_lib\build\libhl2ioboard.a(configure_pins.c.obj)
                0x10007adc                configure_pins
 .text.led_flasher
                0x10007d70       0x40 ..\..\n2adr_lib\build\libhl2ioboard.a(led_flasher.c.obj)
 .text.configure_led_flasher
                0x10007db0       0x2c ..\..\n2adr_lib\build\libhl2ioboard.a(led_flasher.c.obj)
                0x10007db0                configure_led_flasher
 .text.fast_led_flasher
                0x10007ddc        0xc ..\..\n2adr_lib\build\libhl2ioboard.a(led_flasher.c.obj)
                0x10007ddc                fast_led_flasher
 .text.i2c_slave_handler
                0x10007de8      0x91c ..\..\n2adr_lib\build\libhl2ioboard.a(i2c_slave_handler.c.obj)
                0x10007de8                i2c_slave_handler
 .text.IrqRxTxChange
                0x10008704       0x24 ..\..\n2adr_lib\build\libhl2ioboard.a(i2c_slave_handler.c.obj)
                0x10008704                IrqRxTxChange
 .text.hertz2fcode
                0x10008728       0x58 ..\..\n2adr_lib\build\libhl2ioboard.a(frequency_code.c.obj)
                0x10008728                hertz2fcode
 .text.fcode2band
                0x10008780       0x20 ..\..\n2adr_lib\build\libhl2ioboard.a(fcode2bcode.c.obj)
                0x10008780                fcode2band
 .text.strlen   0x100087a0       0x5c C:/arm/arm-none-eabi/14.2rel1/bin/../lib/gcc/arm-none-eabi/14.2.1/thumb/v6-m/nofp\libg.a(libc_a-strlen-stub.o)
                0x100087a0                strlen
 *(.fini)
 .fini          0x100087fc        0x4 C:/arm/arm-none-eabi/14.2rel1/bin/../lib/gcc/arm-none-eabi/14.2.1/thumb/v6-m/nofp/crti.o
                0x100087fc                _fini
 .fini.__stub   0x10008800       0xc0 linker stubs
 *crtbegin.o(.ctors)
 *crtbegin?.o(.ctors)
 *(EXCLUDE_FILE(*crtend.o *crtend?.o) .ctors)
 *(SORT_BY_NAME(.ctors.*))
 *(.ctors)
 *crtbegin.o(.dtors)
 *crtbegin?.o(.dtors)
 *(EXCLUDE_FILE(*crtend.o *crtend?.o) .dtors)
 *(SORT_BY_NAME(.dtors.*))
 *(.dtors)
                0x100088c0                        . = ALIGN (0x4)
                0x100088c0                        PROVIDE (__preinit_array_start = .)
 *(SORT_BY_NAME(.preinit_array.*))
 .preinit_array.00100
                0x100088c0        0x4 CMakeFiles/main.dir/C_/SDK/pico-sdk/src/rp2_common/pico_runtime_init/runtime_init.c.obj
                0x100088c0                __pre_init_runtime_init_early_resets
 .preinit_array.00101
                0x100088c4        0x4 CMakeFiles/main.dir/C_/SDK/pico-sdk/src/rp2_common/pico_runtime_init/runtime_init.c.obj
                0x100088c4                __pre_init_runtime_init_usb_power_down
 .preinit_array.00275
                0x100088c8        0x4 CMakeFiles/main.dir/C_/SDK/pico-sdk/src/rp2_common/pico_bit_ops/bit_ops_aeabi.S.obj
 .preinit_array.00300
                0x100088cc        0x4 CMakeFiles/main.dir/C_/SDK/pico-sdk/src/rp2_common/pico_mem_ops/mem_ops_aeabi.S.obj
 .preinit_array.00350
                0x100088d0        0x4 CMakeFiles/main.dir/C_/SDK/pico-sdk/src/rp2_common/pico_double/double_aeabi_rp2040.S.obj
 .preinit_array.00350
                0x100088d4        0x4 CMakeFiles/main.dir/C_/SDK/pico-sdk/src/rp2_common/pico_float/float_aeabi_rp2040.S.obj
 .preinit_array.00500
                0x100088d8        0x4 CMakeFiles/main.dir/C_/SDK/pico-sdk/src/rp2_common/pico_runtime_init/runtime_init.c.obj
                0x100088d8                __pre_init_runtime_init_clocks
 .preinit_array.00600
                0x100088dc        0x4 CMakeFiles/main.dir/C_/SDK/pico-sdk/src/rp2_common/pico_runtime_init/runtime_init.c.obj
                0x100088dc                __pre_init_runtime_init_post_clock_resets
 .preinit_array.00700
                0x100088e0        0x4 CMakeFiles/main.dir/C_/SDK/pico-sdk/src/rp2_common/pico_runtime_init/runtime_init.c.obj
                0x100088e0                __pre_init_runtime_init_rp2040_gpio_ie_disable
 .preinit_array.01000
                0x100088e4        0x4 CMakeFiles/main.dir/C_/SDK/pico-sdk/src/rp2_common/pico_runtime_init/runtime_init.c.obj
                0x100088e4                __pre_init_runtime_init_spin_locks_reset
 .preinit_array.01100
                0x100088e8        0x4 CMakeFiles/main.dir/C_/SDK/pico-sdk/src/common/pico_sync/mutex.c.obj
                0x100088e8                __pre_init_runtime_init_mutex
 .preinit_array.10080
                0x100088ec        0x4 CMakeFiles/main.dir/C_/SDK/pico-sdk/src/rp2_common/pico_runtime_init/runtime_init.c.obj
                0x100088ec                __pre_init_runtime_init_install_ram_vector_table
 .preinit_array.11000
                0x100088f0        0x4 CMakeFiles/main.dir/C_/SDK/pico-sdk/src/common/pico_time/time.c.obj
                0x100088f0                __pre_init_runtime_init_default_alarm_pool
 .preinit_array.YYYYY
                0x100088f4        0x4 CMakeFiles/main.dir/C_/SDK/pico-sdk/src/rp2_common/pico_runtime/runtime.c.obj
                0x100088f4                __pre_init_first_per_core_initializer
 .preinit_array.ZZZZZ.01200
                0x100088f8        0x4 CMakeFiles/main.dir/C_/SDK/pico-sdk/src/rp2_common/hardware_irq/irq.c.obj
                0x100088f8                __pre_init_runtime_init_per_core_irq_priorities
 *(.preinit_array)
                0x100088fc                        PROVIDE (__preinit_array_end = .)
                0x100088fc                        . = ALIGN (0x4)
                0x100088fc                        PROVIDE (__init_array_start = .)
 *(SORT_BY_NAME(.init_array.*))
 *(.init_array)
 .init_array    0x100088fc        0x4 C:/arm/arm-none-eabi/14.2rel1/bin/../lib/gcc/arm-none-eabi/14.2.1/thumb/v6-m/nofp/crtbegin.o
 .init_array    0x10008900        0x4 CMakeFiles/main.dir/C_/SDK/pico-sdk/src/rp2_common/pico_unique_id/unique_id.c.obj
                0x10008904                        PROVIDE (__init_array_end = .)
                0x10008904                        . = ALIGN (0x4)
                [!provide]                        PROVIDE (__fini_array_start = .)
 *(SORT_BY_NAME(.fini_array.*))
 *(.fini_array)
                [!provide]                        PROVIDE (__fini_array_end = .)
 *(.eh_frame*)
 .eh_frame      0x10008904        0x0 C:/arm/arm-none-eabi/14.2rel1/bin/../lib/gcc/arm-none-eabi/14.2.1/thumb/v6-m/nofp/crtbegin.o
                0x10008904                        . = ALIGN (0x4)

.glue_7         0x10008904        0x0
 .glue_7        0x10008904        0x0 linker stubs

.glue_7t        0x10008904        0x0
 .glue_7t       0x10008904        0x0 linker stubs

.vfp11_veneer   0x10008904        0x0
 .vfp11_veneer  0x10008904        0x0 linker stubs

.v4_bx          0x10008904        0x0
 .v4_bx         0x10008904        0x0 linker stubs

.iplt           0x10008904        0x0
 .iplt          0x10008904        0x0 C:/arm/arm-none-eabi/14.2rel1/bin/../lib/gcc/arm-none-eabi/14.2.1/thumb/v6-m/nofp/crtbegin.o

.rodata         0x10008908      0x8e4
 *(EXCLUDE_FILE(*libm.a: *libc.a:*lib_a-mem*.o *libgcc.a:) .rodata*)
 .rodata.PTT.str1.4
                0x10008908      0x1c0 CMakeFiles/main.dir/main.c.obj
                                  0x7 (size before relaxing)
 .rodata.main.str1.4
                0x10008ac8       0x20 CMakeFiles/main.dir/main.c.obj
 .rodata.main   0x10008ac8       0xb0 CMakeFiles/main.dir/main.c.obj
 .rodata.panic.str1.4
                0x10008b78       0x12 CMakeFiles/main.dir/C_/SDK/pico-sdk/src/rp2_common/pico_platform_panic/panic.c.obj
 .rodata.spin_lock_claim_unused.str1.4
                0x10008b78       0x1b CMakeFiles/main.dir/C_/SDK/pico-sdk/src/rp2_common/hardware_sync/sync.c.obj
 .rodata.user_irq_claim_unused.str1.4
                0x10008b78       0x1b CMakeFiles/main.dir/C_/SDK/pico-sdk/src/rp2_common/hardware_irq/irq.c.obj
 .rodata.timer_hardware_alarm_claim.str1.4
                0x10008b78       0x22 CMakeFiles/main.dir/C_/SDK/pico-sdk/src/rp2_common/hardware_timer/timer.c.obj
 .rodata.hard_assertion_failure.str1.4
                0x10008b78        0xc CMakeFiles/main.dir/C_/SDK/pico-sdk/src/rp2_common/pico_runtime/runtime.c.obj
 .rodata.str1.4
                0x10008b78       0x3c CMakeFiles/main.dir/C_/SDK/pico-sdk/src/rp2_common/pico_standard_binary_info/standard_binary_info.c.obj
 .rodata.__bi_84
                0x10008b78        0xc CMakeFiles/main.dir/C_/SDK/pico-sdk/src/rp2_common/pico_standard_binary_info/standard_binary_info.c.obj
 .rodata.__bi_78
                0x10008b84        0xc CMakeFiles/main.dir/C_/SDK/pico-sdk/src/rp2_common/pico_standard_binary_info/standard_binary_info.c.obj
 .rodata.__bi_54
                0x10008b90        0xc CMakeFiles/main.dir/C_/SDK/pico-sdk/src/rp2_common/pico_standard_binary_info/standard_binary_info.c.obj
 .rodata.__bi_48
                0x10008b9c        0xc CMakeFiles/main.dir/C_/SDK/pico-sdk/src/rp2_common/pico_standard_binary_info/standard_binary_info.c.obj
 .rodata.__bi_42
                0x10008ba8        0xc CMakeFiles/main.dir/C_/SDK/pico-sdk/src/rp2_common/pico_standard_binary_info/standard_binary_info.c.obj
 .rodata.__bi_34
                0x10008bb4        0xc CMakeFiles/main.dir/C_/SDK/pico-sdk/src/rp2_common/pico_standard_binary_info/standard_binary_info.c.obj
 .rodata.__bi_26
                0x10008bc0        0xc CMakeFiles/main.dir/C_/SDK/pico-sdk/src/rp2_common/pico_standard_binary_info/standard_binary_info.c.obj
 .rodata._ftoa.str1.4
                0x10008bcc       0x15 CMakeFiles/main.dir/C_/SDK/pico-sdk/src/rp2_common/pico_printf/printf.c.obj
 .rodata._vsnprintf
                0x10008bcc      0x19c CMakeFiles/main.dir/C_/SDK/pico-sdk/src/rp2_common/pico_printf/printf.c.obj
 .rodata.pow10.0
                0x10008d68       0x50 CMakeFiles/main.dir/C_/SDK/pico-sdk/src/rp2_common/pico_printf/printf.c.obj
 .rodata.crlf_str.0
                0x10008db8        0x2 CMakeFiles/main.dir/C_/SDK/pico-sdk/src/rp2_common/pico_stdio/stdio.c.obj
 .rodata.str1.4
                0x10008dba       0x2c CMakeFiles/main.dir/C_/SDK/pico-sdk/src/rp2_common/pico_stdio_uart/stdio_uart.c.obj
 *fill*         0x10008dba        0x2 
 .rodata.__bi_45.4
                0x10008dbc        0xc CMakeFiles/main.dir/C_/SDK/pico-sdk/src/rp2_common/pico_stdio_uart/stdio_uart.c.obj
 .rodata.__bi_49.5
                0x10008dc8        0x8 CMakeFiles/main.dir/C_/SDK/pico-sdk/src/rp2_common/pico_stdio_uart/stdio_uart.c.obj
 .rodata.__bi_50.6
                0x10008dd0        0x8 CMakeFiles/main.dir/C_/SDK/pico-sdk/src/rp2_common/pico_stdio_uart/stdio_uart.c.obj
 .rodata._resetd_driver
                0x10008dd8       0x20 CMakeFiles/main.dir/C_/SDK/pico-sdk/src/rp2_common/pico_stdio_usb/reset_interface.c.obj
 .rodata.desc_ms_os_20
                0x10008df8       0xa6 CMakeFiles/main.dir/C_/SDK/pico-sdk/src/rp2_common/pico_stdio_usb/reset_interface.c.obj
 *fill*         0x10008e9e        0x2 
 .rodata.desc_bos
                0x10008ea0       0x21 CMakeFiles/main.dir/C_/SDK/pico-sdk/src/rp2_common/pico_stdio_usb/reset_interface.c.obj
                0x10008ea0                desc_bos
 .rodata.str1.4
                0x10008ec1       0x13 CMakeFiles/main.dir/C_/SDK/pico-sdk/src/rp2_common/pico_stdio_usb/stdio_usb.c.obj
 *fill*         0x10008ec1        0x3 
 .rodata.__bi_197.0
                0x10008ec4        0xc CMakeFiles/main.dir/C_/SDK/pico-sdk/src/rp2_common/pico_stdio_usb/stdio_usb.c.obj
 .rodata.str1.4
                0x10008ed0       0x2a CMakeFiles/main.dir/C_/SDK/pico-sdk/src/rp2_common/pico_stdio_usb/stdio_usb_descriptors.c.obj
 .rodata.usbd_desc_str
                0x10008ed0       0x18 CMakeFiles/main.dir/C_/SDK/pico-sdk/src/rp2_common/pico_stdio_usb/stdio_usb_descriptors.c.obj
 .rodata.usbd_desc_cfg
                0x10008ee8       0x54 CMakeFiles/main.dir/C_/SDK/pico-sdk/src/rp2_common/pico_stdio_usb/stdio_usb_descriptors.c.obj
 .rodata.usbd_desc_device
                0x10008f3c       0x12 CMakeFiles/main.dir/C_/SDK/pico-sdk/src/rp2_common/pico_stdio_usb/stdio_usb_descriptors.c.obj
 .rodata.str1.4
                0x10008f4e       0x14 CMakeFiles/main.dir/C_/SDK/pico-sdk/lib/tinyusb/src/portable/raspberrypi/rp2040/dcd_rp2040.c.obj
 .rodata.str1.4
                0x10008f4e       0x48 CMakeFiles/main.dir/C_/SDK/pico-sdk/lib/tinyusb/src/portable/raspberrypi/rp2040/rp2040_usb.c.obj
 *fill*         0x10008f4e        0x2 
 .rodata.tud_task_ext
                0x10008f50       0x8c CMakeFiles/main.dir/C_/SDK/pico-sdk/lib/tinyusb/src/device/usbd.c.obj
 .rodata        0x10008fdc       0x1c CMakeFiles/main.dir/C_/SDK/pico-sdk/lib/tinyusb/src/device/usbd.c.obj
 .rodata._usbd_driver
                0x10008ff8       0x40 CMakeFiles/main.dir/C_/SDK/pico-sdk/lib/tinyusb/src/device/usbd.c.obj
 .rodata.i2c_slave_handler
                0x10009038       0xb4 ..\..\n2adr_lib\build\libhl2ioboard.a(i2c_slave_handler.c.obj)
 .rodata        0x100090ec      0x100 ..\..\n2adr_lib\build\libhl2ioboard.a(fcode2bcode.c.obj)
                0x100091ec                        . = ALIGN (0x4)
 *(SORT_BY_ALIGNMENT(SORT_BY_NAME(.flashdata*)))
                0x100091ec                        . = ALIGN (0x4)

.ARM.extab
 *(.ARM.extab* .gnu.linkonce.armextab.*)
                0x100091ec                        __exidx_start = .

.ARM.exidx
 *(.ARM.exidx* .gnu.linkonce.armexidx.*)
                0x100091ec                        __exidx_end = .
                0x100091ec                        . = ALIGN (0x4)
                0x100091ec                        __binary_info_start = .

.binary_info    0x100091ec       0x2c
 *(.binary_info.keep.*)
 .binary_info.keep.__bi_ptr84
                0x100091ec        0x4 CMakeFiles/main.dir/C_/SDK/pico-sdk/src/rp2_common/pico_standard_binary_info/standard_binary_info.c.obj
 .binary_info.keep.__bi_ptr78
                0x100091f0        0x4 CMakeFiles/main.dir/C_/SDK/pico-sdk/src/rp2_common/pico_standard_binary_info/standard_binary_info.c.obj
 .binary_info.keep.__bi_ptr54
                0x100091f4        0x4 CMakeFiles/main.dir/C_/SDK/pico-sdk/src/rp2_common/pico_standard_binary_info/standard_binary_info.c.obj
 .binary_info.keep.__bi_ptr48
                0x100091f8        0x4 CMakeFiles/main.dir/C_/SDK/pico-sdk/src/rp2_common/pico_standard_binary_info/standard_binary_info.c.obj
 .binary_info.keep.__bi_ptr42
                0x100091fc        0x4 CMakeFiles/main.dir/C_/SDK/pico-sdk/src/rp2_common/pico_standard_binary_info/standard_binary_info.c.obj
 .binary_info.keep.__bi_ptr34
                0x10009200        0x4 CMakeFiles/main.dir/C_/SDK/pico-sdk/src/rp2_common/pico_standard_binary_info/standard_binary_info.c.obj
 .binary_info.keep.__bi_ptr26
                0x10009204        0x4 CMakeFiles/main.dir/C_/SDK/pico-sdk/src/rp2_common/pico_standard_binary_info/standard_binary_info.c.obj
 *(.binary_info.*)
 .binary_info.__bi_ptr50
                0x10009208        0x4 CMakeFiles/main.dir/C_/SDK/pico-sdk/src/rp2_common/pico_stdio_uart/stdio_uart.c.obj
 .binary_info.__bi_ptr49
                0x1000920c        0x4 CMakeFiles/main.dir/C_/SDK/pico-sdk/src/rp2_common/pico_stdio_uart/stdio_uart.c.obj
 .binary_info.__bi_ptr45
                0x10009210        0x4 CMakeFiles/main.dir/C_/SDK/pico-sdk/src/rp2_common/pico_stdio_uart/stdio_uart.c.obj
 .binary_info.__bi_ptr197
                0x10009214        0x4 CMakeFiles/main.dir/C_/SDK/pico-sdk/src/rp2_common/pico_stdio_usb/stdio_usb.c.obj
                0x10009218                        __binary_info_end = .

.rel.dyn        0x10009218        0x0
 .rel.iplt      0x10009218        0x0 C:/arm/arm-none-eabi/14.2rel1/bin/../lib/gcc/arm-none-eabi/14.2.1/thumb/v6-m/nofp/crtbegin.o
                0x10009218                        . = ALIGN (0x4)

.ram_vector_table
                0x20000000       0xc0
 *(.ram_vector_table)
 .ram_vector_table
                0x20000000       0xc0 CMakeFiles/main.dir/C_/SDK/pico-sdk/src/rp2_common/pico_runtime_init/runtime_init.c.obj
                0x20000000                ram_vector_table

.uninitialized_data
                0x200000c0        0x0
                0x200000c0                        . = ALIGN (0x4)
 *(.uninitialized_data*)

.data           0x200000c0     0x1068 load address 0x10009218
                0x200000c0                        __data_start__ = .
 *(vtable)
 *(.time_critical*)
 .time_critical.mutex_try_enter
                0x200000c0       0x40 CMakeFiles/main.dir/C_/SDK/pico-sdk/src/common/pico_sync/mutex.c.obj
                0x200000c0                mutex_try_enter
 .time_critical.mutex_try_enter_block_until
                0x20000100       0x98 CMakeFiles/main.dir/C_/SDK/pico-sdk/src/common/pico_sync/mutex.c.obj
                0x20000100                mutex_try_enter_block_until
 .time_critical.mutex_enter_timeout_ms
                0x20000198       0x8c CMakeFiles/main.dir/C_/SDK/pico-sdk/src/common/pico_sync/mutex.c.obj
                0x20000198                mutex_enter_timeout_ms
 .time_critical.mutex_exit
                0x20000224       0x28 CMakeFiles/main.dir/C_/SDK/pico-sdk/src/common/pico_sync/mutex.c.obj
                0x20000224                mutex_exit
 .time_critical.flash_init_boot2_copyout
                0x2000024c       0x30 CMakeFiles/main.dir/C_/SDK/pico-sdk/src/rp2_common/hardware_flash/flash.c.obj
 .time_critical.flash_enable_xip_via_boot2
                0x2000027c        0xc CMakeFiles/main.dir/C_/SDK/pico-sdk/src/rp2_common/hardware_flash/flash.c.obj
 .time_critical.flash_cs_force
                0x20000288       0x38 CMakeFiles/main.dir/C_/SDK/pico-sdk/src/rp2_common/hardware_flash/flash.c.obj
 .time_critical.flash_do_cmd
                0x200002c0      0x130 CMakeFiles/main.dir/C_/SDK/pico-sdk/src/rp2_common/hardware_flash/flash.c.obj
                0x200002c0                flash_do_cmd
 .time_critical.reset_non_control_endpoints
                0x200003f0       0x68 CMakeFiles/main.dir/C_/SDK/pico-sdk/lib/tinyusb/src/portable/raspberrypi/rp2040/dcd_rp2040.c.obj
 .time_critical.hw_handle_buff_status
                0x20000458       0xa0 CMakeFiles/main.dir/C_/SDK/pico-sdk/lib/tinyusb/src/portable/raspberrypi/rp2040/dcd_rp2040.c.obj
 .time_critical.dcd_rp2040_irq
                0x200004f8      0x548 CMakeFiles/main.dir/C_/SDK/pico-sdk/lib/tinyusb/src/portable/raspberrypi/rp2040/dcd_rp2040.c.obj
 .time_critical.prepare_ep_buffer
                0x20000a40       0xc8 CMakeFiles/main.dir/C_/SDK/pico-sdk/lib/tinyusb/src/portable/raspberrypi/rp2040/rp2040_usb.c.obj
 .time_critical.sync_ep_buffer
                0x20000b08       0x9c CMakeFiles/main.dir/C_/SDK/pico-sdk/lib/tinyusb/src/portable/raspberrypi/rp2040/rp2040_usb.c.obj
 .time_critical._hw_endpoint_xfer_sync
                0x20000ba4       0x28 CMakeFiles/main.dir/C_/SDK/pico-sdk/lib/tinyusb/src/portable/raspberrypi/rp2040/rp2040_usb.c.obj
 .time_critical.e15_is_bulkin_ep
                0x20000bcc       0x28 CMakeFiles/main.dir/C_/SDK/pico-sdk/lib/tinyusb/src/portable/raspberrypi/rp2040/rp2040_usb.c.obj
 .time_critical.e15_is_critical_frame_period
                0x20000bf4       0x34 CMakeFiles/main.dir/C_/SDK/pico-sdk/lib/tinyusb/src/portable/raspberrypi/rp2040/rp2040_usb.c.obj
 .time_critical.hw_endpoint_reset_transfer
                0x20000c28        0xc CMakeFiles/main.dir/C_/SDK/pico-sdk/lib/tinyusb/src/portable/raspberrypi/rp2040/rp2040_usb.c.obj
                0x20000c28                hw_endpoint_reset_transfer
 .time_critical._hw_endpoint_buffer_control_update32
                0x20000c34       0x50 CMakeFiles/main.dir/C_/SDK/pico-sdk/lib/tinyusb/src/portable/raspberrypi/rp2040/rp2040_usb.c.obj
                0x20000c34                _hw_endpoint_buffer_control_update32
 .time_critical.hw_endpoint_start_next_buffer
                0x20000c84       0x68 CMakeFiles/main.dir/C_/SDK/pico-sdk/lib/tinyusb/src/portable/raspberrypi/rp2040/rp2040_usb.c.obj
                0x20000c84                hw_endpoint_start_next_buffer
 .time_critical.hw_endpoint_xfer_continue
                0x20000cec       0x40 CMakeFiles/main.dir/C_/SDK/pico-sdk/lib/tinyusb/src/portable/raspberrypi/rp2040/rp2040_usb.c.obj
                0x20000cec                hw_endpoint_xfer_continue
 .time_critical.tinyusb
                0x20000d2c      0x1e4 CMakeFiles/main.dir/C_/SDK/pico-sdk/lib/tinyusb/src/device/usbd.c.obj
                0x20000d2c                dcd_event_handler
 .time_critical.i2c_slave_irq_handler
                0x20000f10       0xa4 CMakeFiles/main.dir/C_/SDK/pico-sdk/src/rp2_common/pico_i2c_slave/i2c_slave.c.obj
 *(.text*)
 .text          0x20000fb4        0x4 C:/arm/arm-none-eabi/14.2rel1/bin/../lib/gcc/arm-none-eabi/14.2.1/thumb/v6-m/nofp\libgcc.a(_dvmd_tls.o)
                0x20000fb4                __aeabi_idiv0
                0x20000fb4                __aeabi_ldiv0
 .text.__stub   0x20000fb8       0x80 linker stubs
                0x20001038                        . = ALIGN (0x4)
 *(.rodata*)
                0x20001038                        . = ALIGN (0x4)
 *(.data*)
 .data.current_is_rx.3
                0x20001038        0x1 CMakeFiles/main.dir/main.c.obj
 .data.firmware_version_minor
                0x20001039        0x1 CMakeFiles/main.dir/main.c.obj
                0x20001039                firmware_version_minor
 .data.firmware_version_major
                0x2000103a        0x1 CMakeFiles/main.dir/main.c.obj
                0x2000103a                firmware_version_major
 .data.striped_spin_lock_num
                0x2000103b        0x1 CMakeFiles/main.dir/C_/SDK/pico-sdk/src/rp2_common/hardware_sync/sync.c.obj
 .data          0x2000103c       0x48 CMakeFiles/main.dir/C_/SDK/pico-sdk/src/rp2_common/hardware_irq/irq_handler_chain.S.obj
                0x2000103c                irq_handler_chain_slots
                0x2000106c                irq_handler_chain_first_slot
                0x20001076                irq_handler_chain_remove_tail
 .data.default_alarm_pool
                0x20001084       0x18 CMakeFiles/main.dir/C_/SDK/pico-sdk/src/common/pico_time/time.c.obj
 *fill*         0x2000109c        0x4 
 .data.aeabi_bits_funcs
                0x200010a0       0x10 CMakeFiles/main.dir/C_/SDK/pico-sdk/src/rp2_common/pico_bit_ops/bit_ops_aeabi.S.obj
                0x200010a0                aeabi_bits_funcs
                0x200010b0                aeabi_bits_funcs_end
 .data.aeabi_mem_funcs
                0x200010b0       0x10 CMakeFiles/main.dir/C_/SDK/pico-sdk/src/rp2_common/pico_mem_ops/mem_ops_aeabi.S.obj
                0x200010b0                aeabi_mem_funcs
                0x200010c0                aeabi_mem_funcs_end
 .data.stdio_uart
                0x200010c0       0x18 CMakeFiles/main.dir/C_/SDK/pico-sdk/src/rp2_common/pico_stdio_uart/stdio_uart.c.obj
                0x200010c0                stdio_uart
 .data.stdio_usb
                0x200010d8       0x18 CMakeFiles/main.dir/C_/SDK/pico-sdk/src/rp2_common/pico_stdio_usb/stdio_usb.c.obj
                0x200010d8                stdio_usb
 .data._usbd_qdef
                0x200010f0       0x1c CMakeFiles/main.dir/C_/SDK/pico-sdk/lib/tinyusb/src/device/usbd.c.obj
                0x200010f0                _usbd_qdef
 .data._usbd_rhport
                0x2000110c        0x1 CMakeFiles/main.dir/C_/SDK/pico-sdk/lib/tinyusb/src/device/usbd.c.obj
 *fill*         0x2000110d        0x3 
 .data.i2c1_inst
                0x20001110        0x8 CMakeFiles/main.dir/C_/SDK/pico-sdk/src/rp2_common/hardware_i2c/i2c.c.obj
                0x20001110                i2c1_inst
 .data.i2c0_inst
                0x20001118        0x8 CMakeFiles/main.dir/C_/SDK/pico-sdk/src/rp2_common/hardware_i2c/i2c.c.obj
                0x20001118                i2c0_inst
                0x20001120                        . = ALIGN (0x4)
 *(.after_data.*)
                0x20001120                        . = ALIGN (0x4)
                0x20001120                        PROVIDE (__mutex_array_start = .)
 *(SORT_BY_NAME(.mutex_array.*))
 *(.mutex_array)
 .mutex_array   0x20001120        0x8 CMakeFiles/main.dir/C_/SDK/pico-sdk/src/rp2_common/pico_stdio/stdio.c.obj
                0x20001128                        PROVIDE (__mutex_array_end = .)
                0x20001128                        . = ALIGN (0x4)
 *(.jcr)
                0x20001128                        . = ALIGN (0x4)

.tm_clone_table
                0x20001128        0x0 load address 0x1000a280
 .tm_clone_table
                0x20001128        0x0 C:/arm/arm-none-eabi/14.2rel1/bin/../lib/gcc/arm-none-eabi/14.2.1/thumb/v6-m/nofp/crtbegin.o
 .tm_clone_table
                0x20001128        0x0 C:/arm/arm-none-eabi/14.2rel1/bin/../lib/gcc/arm-none-eabi/14.2.1/thumb/v6-m/nofp/crtend.o

.igot.plt       0x20001128        0x0 load address 0x1000a280
 .igot.plt      0x20001128        0x0 C:/arm/arm-none-eabi/14.2rel1/bin/../lib/gcc/arm-none-eabi/14.2.1/thumb/v6-m/nofp/crtbegin.o

.tdata          0x20001128        0x0 load address 0x1000a280
                0x20001128                        . = ALIGN (0x4)
 *(.tdata .tdata.* .gnu.linkonce.td.*)
                0x20001128                        __tdata_end = .
                0x20001128                        PROVIDE (__data_end__ = .)
                0x10009218                        __etext = LOADADDR (.data)

.tbss           0x20001128        0x0 load address 0x1000a280
                0x20001128                        . = ALIGN (0x4)
                0x20001128                        __bss_start__ = .
                0x20001128                        __tls_base = .
 *(.tbss .tbss.* .gnu.linkonce.tb.*)
 *(.tcommon)
                0x20001128                        __tls_end = .

.bss            0x20001128     0x1458 load address 0x1000a280
                0x20001128                        . = ALIGN (0x4)
                0x20001128                        __tbss_end = .
 *(SORT_BY_ALIGNMENT(SORT_BY_NAME(.bss*)))
 .bss.default_alarm_pool_entries
                0x20001128      0x180 CMakeFiles/main.dir/C_/SDK/pico-sdk/src/common/pico_time/time.c.obj
 .bss.last_avail_time.1
                0x200012a8        0x8 CMakeFiles/main.dir/C_/SDK/pico-sdk/src/rp2_common/pico_stdio_usb/stdio_usb.c.obj
 .bss.led_timer.1
                0x200012b0       0x18 ..\..\n2adr_lib\build\libhl2ioboard.a(led_flasher.c.obj)
 .bss.new_tx_freq
                0x200012c8        0x8 ..\..\n2adr_lib\build\libhl2ioboard.a(i2c_slave_handler.c.obj)
                0x200012c8                new_tx_freq
 .bss.sd_table  0x200012d0      0x100 CMakeFiles/main.dir/C_/SDK/pico-sdk/src/rp2_common/pico_double/double_init_rom_rp2040.c.obj
                0x200012d0                sd_table
 .bss.sf_table  0x200013d0      0x100 CMakeFiles/main.dir/C_/SDK/pico-sdk/src/rp2_common/pico_float/float_init_rom_rp2040.c.obj
                0x200013d0                sf_table
 .bss.IrqHandler
                0x200014d0      0x400 ..\..\n2adr_lib\build\libhl2ioboard.a(i2c_slave_handler.c.obj)
                0x200014d0                IrqHandler
 .bss.Registers
                0x200018d0      0x100 ..\..\n2adr_lib\build\libhl2ioboard.a(i2c_slave_handler.c.obj)
                0x200018d0                Registers
 .bss._app_driver
                0x200019d0        0x4 CMakeFiles/main.dir/C_/SDK/pico-sdk/lib/tinyusb/src/device/usbd.c.obj
 .bss._cdcd_epbuf
                0x200019d4       0x80 CMakeFiles/main.dir/C_/SDK/pico-sdk/lib/tinyusb/src/class/cdc/cdc_device.c.obj
 .bss._cdcd_fifo_cfg
                0x20001a54        0x1 CMakeFiles/main.dir/C_/SDK/pico-sdk/lib/tinyusb/src/class/cdc/cdc_device.c.obj
 *fill*         0x20001a55        0x3 
 .bss._cdcd_itf
                0x20001a58       0xc8 CMakeFiles/main.dir/C_/SDK/pico-sdk/lib/tinyusb/src/class/cdc/cdc_device.c.obj
 .bss._ctrl_epbuf
                0x20001b20       0x40 CMakeFiles/main.dir/C_/SDK/pico-sdk/lib/tinyusb/src/device/usbd_control.c.obj
 .bss._ctrl_xfer
                0x20001b60       0x14 CMakeFiles/main.dir/C_/SDK/pico-sdk/lib/tinyusb/src/device/usbd_control.c.obj
 .bss._tusb_rhport_role
                0x20001b74        0x2 CMakeFiles/main.dir/C_/SDK/pico-sdk/lib/tinyusb/src/tusb.c.obj
                0x20001b74                _tusb_rhport_role
 *fill*         0x20001b76        0x2 
 .bss._ubsd_mutexdef
                0x20001b78        0x8 CMakeFiles/main.dir/C_/SDK/pico-sdk/lib/tinyusb/src/device/usbd.c.obj
 .bss._usbd_dev
                0x20001b80       0x54 CMakeFiles/main.dir/C_/SDK/pico-sdk/lib/tinyusb/src/device/usbd.c.obj
 .bss._usbd_mutex
                0x20001bd4        0x4 CMakeFiles/main.dir/C_/SDK/pico-sdk/lib/tinyusb/src/device/usbd.c.obj
 .bss._usbd_q   0x20001bd8        0x4 CMakeFiles/main.dir/C_/SDK/pico-sdk/lib/tinyusb/src/device/usbd.c.obj
 .bss._usbd_qdef_buf
                0x20001bdc       0xc0 CMakeFiles/main.dir/C_/SDK/pico-sdk/lib/tinyusb/src/device/usbd.c.obj
                0x20001bdc                _usbd_qdef_buf
 .bss._vendord_epbuf
                0x20001c9c       0x80 CMakeFiles/main.dir/C_/SDK/pico-sdk/lib/tinyusb/src/class/vendor/vendor_device.c.obj
 .bss._vendord_itf
                0x20001d1c      0x24c CMakeFiles/main.dir/C_/SDK/pico-sdk/lib/tinyusb/src/class/vendor/vendor_device.c.obj
 .bss.boot2_copyout
                0x20001f68      0x100 CMakeFiles/main.dir/C_/SDK/pico-sdk/src/rp2_common/hardware_flash/flash.c.obj
 .bss.callbacks
                0x20002068        0x8 CMakeFiles/main.dir/C_/SDK/pico-sdk/src/rp2_common/hardware_gpio/gpio.c.obj
 .bss.chars_available_callback
                0x20002070        0x4 CMakeFiles/main.dir/C_/SDK/pico-sdk/src/rp2_common/pico_stdio_uart/stdio_uart.c.obj
 .bss.chars_available_callback
                0x20002074        0x4 CMakeFiles/main.dir/C_/SDK/pico-sdk/src/rp2_common/pico_stdio_usb/stdio_usb.c.obj
 .bss.chars_available_param
                0x20002078        0x4 CMakeFiles/main.dir/C_/SDK/pico-sdk/src/rp2_common/pico_stdio_uart/stdio_uart.c.obj
 .bss.chars_available_param
                0x2000207c        0x4 CMakeFiles/main.dir/C_/SDK/pico-sdk/src/rp2_common/pico_stdio_usb/stdio_usb.c.obj
 .bss.claimed   0x20002080        0x4 CMakeFiles/main.dir/C_/SDK/pico-sdk/src/rp2_common/hardware_sync/sync.c.obj
 .bss.claimed   0x20002084        0x1 CMakeFiles/main.dir/C_/SDK/pico-sdk/src/rp2_common/hardware_timer/timer.c.obj
 *fill*         0x20002085        0x3 
 .bss.configured_freq
                0x20002088       0x28 CMakeFiles/main.dir/C_/SDK/pico-sdk/src/rp2_common/hardware_clocks/clocks.c.obj
 .bss.desc_str.0
                0x200020b0       0x28 CMakeFiles/main.dir/C_/SDK/pico-sdk/src/rp2_common/pico_stdio_usb/stdio_usb_descriptors.c.obj
 .bss.drivers   0x200020d8        0x4 CMakeFiles/main.dir/C_/SDK/pico-sdk/src/rp2_common/pico_stdio/stdio.c.obj
 .bss.e15_last_sof
                0x200020dc        0x4 CMakeFiles/main.dir/C_/SDK/pico-sdk/lib/tinyusb/src/portable/raspberrypi/rp2040/rp2040_usb.c.obj
                0x200020dc                e15_last_sof
 .bss.filter    0x200020e0        0x4 CMakeFiles/main.dir/C_/SDK/pico-sdk/src/rp2_common/pico_stdio/stdio.c.obj
 .bss.hw_endpoints
                0x200020e4      0x400 CMakeFiles/main.dir/C_/SDK/pico-sdk/lib/tinyusb/src/portable/raspberrypi/rp2040/dcd_rp2040.c.obj
 .bss.i2c_slaves
                0x200024e4       0x10 CMakeFiles/main.dir/C_/SDK/pico-sdk/src/rp2_common/pico_i2c_slave/i2c_slave.c.obj
 .bss.lazy_vsnprintf
                0x200024f4        0x4 CMakeFiles/main.dir/C_/SDK/pico-sdk/src/rp2_common/pico_printf/printf.c.obj
 .bss.load_value
                0x200024f8        0x4 CMakeFiles/main.dir/C_/SDK/pico-sdk/src/rp2_common/hardware_watchdog/watchdog.c.obj
 .bss.next_buffer_ptr
                0x200024fc        0x4 CMakeFiles/main.dir/C_/SDK/pico-sdk/lib/tinyusb/src/portable/raspberrypi/rp2040/dcd_rp2040.c.obj
 .bss.object.0  0x20002500       0x18 C:/arm/arm-none-eabi/14.2rel1/bin/../lib/gcc/arm-none-eabi/14.2.1/thumb/v6-m/nofp/crtbegin.o
 .bss.one_shot_timer_crit_sec
                0x20002518        0x8 CMakeFiles/main.dir/C_/SDK/pico-sdk/src/rp2_common/pico_stdio_usb/stdio_usb.c.obj
 .bss.pools     0x20002520       0x10 CMakeFiles/main.dir/C_/SDK/pico-sdk/src/common/pico_time/time.c.obj
 .bss.raw_irq_mask
                0x20002530        0x8 CMakeFiles/main.dir/C_/SDK/pico-sdk/src/rp2_common/hardware_gpio/gpio.c.obj
 .bss.retrieved_id
                0x20002538        0x8 CMakeFiles/main.dir/C_/SDK/pico-sdk/src/rp2_common/pico_unique_id/unique_id.c.obj
 .bss.sf_clz_func
                0x20002540        0x4 CMakeFiles/main.dir/C_/SDK/pico-sdk/src/rp2_common/pico_double/double_init_rom_rp2040.c.obj
                0x20002540                sf_clz_func
 .bss.sleep_notifier
                0x20002544        0x4 CMakeFiles/main.dir/C_/SDK/pico-sdk/src/common/pico_time/time.c.obj
 .bss.stdio_usb_mutex
                0x20002548        0x8 CMakeFiles/main.dir/C_/SDK/pico-sdk/src/rp2_common/pico_stdio_usb/stdio_usb.c.obj
 .bss.uart_char_to_line_feed
                0x20002550        0x4 CMakeFiles/main.dir/C_/SDK/pico-sdk/src/rp2_common/hardware_uart/uart.c.obj
                0x20002550                uart_char_to_line_feed
 .bss.uart_instance
                0x20002554        0x4 CMakeFiles/main.dir/C_/SDK/pico-sdk/src/rp2_common/pico_stdio_uart/stdio_uart.c.obj
 .bss.usbd_serial_str
                0x20002558       0x11 CMakeFiles/main.dir/C_/SDK/pico-sdk/src/rp2_common/pico_stdio_usb/stdio_usb_descriptors.c.obj
 .bss._app_driver_count
                0x20002569        0x1 CMakeFiles/main.dir/C_/SDK/pico-sdk/lib/tinyusb/src/device/usbd.c.obj
 .bss._sof_enable
                0x2000256a        0x1 CMakeFiles/main.dir/C_/SDK/pico-sdk/lib/tinyusb/src/portable/raspberrypi/rp2040/dcd_rp2040.c.obj
 .bss._usbd_queued_setup
                0x2000256b        0x1 CMakeFiles/main.dir/C_/SDK/pico-sdk/lib/tinyusb/src/device/usbd.c.obj
 .bss.boot2_copyout_valid
                0x2000256c        0x1 CMakeFiles/main.dir/C_/SDK/pico-sdk/src/rp2_common/hardware_flash/flash.c.obj
 .bss.counter.0
                0x2000256d        0x1 ..\..\n2adr_lib\build\libhl2ioboard.a(led_flasher.c.obj)
 .bss.current_tx_fcode.2
                0x2000256e        0x1 CMakeFiles/main.dir/main.c.obj
 .bss.fast_flasher
                0x2000256f        0x1 ..\..\n2adr_lib\build\libhl2ioboard.a(led_flasher.c.obj)
 .bss.i2c_control_valid.1
                0x20002570        0x1 ..\..\n2adr_lib\build\libhl2ioboard.a(i2c_slave_handler.c.obj)
 .bss.i2c_regs_control.0
                0x20002571        0x1 ..\..\n2adr_lib\build\libhl2ioboard.a(i2c_slave_handler.c.obj)
 .bss.irq_handler_chain_free_slot_head
                0x20002572        0x1 CMakeFiles/main.dir/C_/SDK/pico-sdk/src/rp2_common/hardware_irq/irq.c.obj
 .bss.itf_num   0x20002573        0x1 CMakeFiles/main.dir/C_/SDK/pico-sdk/src/rp2_common/pico_stdio_usb/reset_interface.c.obj
 .bss.low_priority_irq_num
                0x20002574        0x1 CMakeFiles/main.dir/C_/SDK/pico-sdk/src/rp2_common/pico_stdio_usb/stdio_usb.c.obj
 .bss.new_tx_fcode
                0x20002575        0x1 ..\..\n2adr_lib\build\libhl2ioboard.a(i2c_slave_handler.c.obj)
                0x20002575                new_tx_fcode
 .bss.one_shot_timer_pending
                0x20002576        0x1 CMakeFiles/main.dir/C_/SDK/pico-sdk/src/rp2_common/pico_stdio_usb/stdio_usb.c.obj
 .bss.rx_band.0
                0x20002577        0x1 CMakeFiles/main.dir/main.c.obj
 .bss.rx_freq_changed
                0x20002578        0x1 ..\..\n2adr_lib\build\libhl2ioboard.a(i2c_slave_handler.c.obj)
                0x20002578                rx_freq_changed
 .bss.rx_freq_high
                0x20002579        0x1 ..\..\n2adr_lib\build\libhl2ioboard.a(i2c_slave_handler.c.obj)
                0x20002579                rx_freq_high
 .bss.rx_freq_low
                0x2000257a        0x1 ..\..\n2adr_lib\build\libhl2ioboard.a(i2c_slave_handler.c.obj)
                0x2000257a                rx_freq_low
 .bss.tx_band.1
                0x2000257b        0x1 CMakeFiles/main.dir/main.c.obj
 .bss.user_irq_claimed
                0x2000257c        0x1 CMakeFiles/main.dir/C_/SDK/pico-sdk/src/rp2_common/hardware_irq/irq.c.obj
 *(COMMON)
                0x20002580                        . = ALIGN (0x4)
 *fill*         0x2000257d        0x3 
                0x20002580                        __bss_end__ = .

.heap           0x20002580      0x800 load address 0x1000a280
                0x20002580                        __end__ = .
                0x20002580                        end = __end__
 *(.heap*)
 .heap          0x20002580      0x800 CMakeFiles/main.dir/C_/SDK/pico-sdk/src/rp2_common/pico_crt0/crt0.S.obj
                0x20040000                        __HeapLimit = (ORIGIN (RAM) + LENGTH (RAM))

.scratch_x      0x20040000        0x0 load address 0x1000a280
                0x20040000                        __scratch_x_start__ = .
 *(.scratch_x.*)
                0x20040000                        . = ALIGN (0x4)
                0x20040000                        __scratch_x_end__ = .
                0x1000a280                        __scratch_x_source__ = LOADADDR (.scratch_x)

.scratch_y      0x20041000        0x0 load address 0x1000a280
                0x20041000                        __scratch_y_start__ = .
 *(.scratch_y.*)
                0x20041000                        . = ALIGN (0x4)
                0x20041000                        __scratch_y_end__ = .
                0x1000a280                        __scratch_y_source__ = LOADADDR (.scratch_y)

.stack1_dummy
 *(.stack1*)

.stack_dummy    0x20041000      0x800
 *(.stack*)
 .stack         0x20041000      0x800 CMakeFiles/main.dir/C_/SDK/pico-sdk/src/rp2_common/pico_crt0/crt0.S.obj

.flash_end      0x1000a280        0x0
 *(.embedded_end_block*)
                0x1000a280                        PROVIDE (__flash_binary_end = .)
                0x20040000                        __StackLimit = (ORIGIN (RAM) + LENGTH (RAM))
                0x20041000                        __StackOneTop = (ORIGIN (SCRATCH_X) + LENGTH (SCRATCH_X))
                0x20042000                        __StackTop = (ORIGIN (SCRATCH_Y) + LENGTH (SCRATCH_Y))
                0x20041000                        __StackOneBottom = (__StackOneTop - SIZEOF (.stack1_dummy))
                0x20041800                        __StackBottom = (__StackTop - SIZEOF (.stack_dummy))
                0x20042000                        PROVIDE (__stack = __StackTop)
                [!provide]                        PROVIDE (__heap_start = __end__)
                [!provide]                        PROVIDE (__heap_end = __HeapLimit)
                [!provide]                        PROVIDE (__tls_align = MAX (ALIGNOF (.tdata), ALIGNOF (.tbss)))
                [!provide]                        PROVIDE (__tls_size_align = (((__tls_size + __tls_align) - 0x1) & ~ ((__tls_align - 0x1))))
                [!provide]                        PROVIDE (__arm32_tls_tcb_offset = MAX (0x8, __tls_align))
                [!provide]                        PROVIDE (_end = __end__)
                [!provide]                        PROVIDE (__llvm_libc_heap_limit = __HeapLimit)
                0x00000001                        ASSERT ((__StackLimit >= __HeapLimit), region RAM overflowed)
                0x00000001                        ASSERT (((__binary_info_header_end - __logical_binary_start) <= 0x100), Binary info must be in first 256 bytes of the binary)
LOAD CMakeFiles/main.dir/main.c.obj
LOAD CMakeFiles/main.dir/C_/SDK/pico-sdk/src/rp2_common/pico_stdlib/stdlib.c.obj
LOAD CMakeFiles/main.dir/C_/SDK/pico-sdk/src/rp2_common/hardware_gpio/gpio.c.obj
LOAD CMakeFiles/main.dir/C_/SDK/pico-sdk/src/rp2040/pico_platform/platform.c.obj
LOAD CMakeFiles/main.dir/C_/SDK/pico-sdk/src/rp2_common/pico_platform_panic/panic.c.obj
LOAD CMakeFiles/main.dir/C_/SDK/pico-sdk/src/common/hardware_claim/claim.c.obj
LOAD CMakeFiles/main.dir/C_/SDK/pico-sdk/src/rp2_common/hardware_sync/sync.c.obj
LOAD CMakeFiles/main.dir/C_/SDK/pico-sdk/src/rp2_common/hardware_sync_spin_lock/sync_spin_lock.c.obj
LOAD CMakeFiles/main.dir/C_/SDK/pico-sdk/src/rp2_common/hardware_irq/irq.c.obj
LOAD CMakeFiles/main.dir/C_/SDK/pico-sdk/src/rp2_common/hardware_irq/irq_handler_chain.S.obj
LOAD CMakeFiles/main.dir/C_/SDK/pico-sdk/src/common/pico_sync/sem.c.obj
LOAD CMakeFiles/main.dir/C_/SDK/pico-sdk/src/common/pico_sync/lock_core.c.obj
LOAD CMakeFiles/main.dir/C_/SDK/pico-sdk/src/common/pico_sync/mutex.c.obj
LOAD CMakeFiles/main.dir/C_/SDK/pico-sdk/src/common/pico_sync/critical_section.c.obj
LOAD CMakeFiles/main.dir/C_/SDK/pico-sdk/src/common/pico_time/time.c.obj
LOAD CMakeFiles/main.dir/C_/SDK/pico-sdk/src/common/pico_time/timeout_helper.c.obj
LOAD CMakeFiles/main.dir/C_/SDK/pico-sdk/src/rp2_common/hardware_timer/timer.c.obj
LOAD CMakeFiles/main.dir/C_/SDK/pico-sdk/src/common/pico_util/datetime.c.obj
LOAD CMakeFiles/main.dir/C_/SDK/pico-sdk/src/common/pico_util/pheap.c.obj
LOAD CMakeFiles/main.dir/C_/SDK/pico-sdk/src/common/pico_util/queue.c.obj
LOAD CMakeFiles/main.dir/C_/SDK/pico-sdk/src/rp2_common/hardware_uart/uart.c.obj
LOAD CMakeFiles/main.dir/C_/SDK/pico-sdk/src/rp2_common/hardware_clocks/clocks.c.obj
LOAD CMakeFiles/main.dir/C_/SDK/pico-sdk/src/rp2_common/hardware_pll/pll.c.obj
LOAD CMakeFiles/main.dir/C_/SDK/pico-sdk/src/rp2_common/hardware_vreg/vreg.c.obj
LOAD CMakeFiles/main.dir/C_/SDK/pico-sdk/src/rp2_common/hardware_watchdog/watchdog.c.obj
LOAD CMakeFiles/main.dir/C_/SDK/pico-sdk/src/rp2_common/hardware_ticks/ticks.c.obj
LOAD CMakeFiles/main.dir/C_/SDK/pico-sdk/src/rp2_common/pico_bootrom/bootrom.c.obj
LOAD CMakeFiles/main.dir/C_/SDK/pico-sdk/src/rp2_common/pico_bootrom/bootrom_lock.c.obj
LOAD CMakeFiles/main.dir/C_/SDK/pico-sdk/src/rp2_common/hardware_boot_lock/boot_lock.c.obj